Archive member included to satisfy reference by file (symbol)

.pio/build/electrosmith_daisy/libdf6/libWire.a(Wire.cpp.o)
                              .pio/build/electrosmith_daisy/src/main.cpp.o (TwoWire::read())
.pio/build/electrosmith_daisy/libdf6/libWire.a(twi.c.o)
                              .pio/build/electrosmith_daisy/libdf6/libWire.a(Wire.cpp.o) (i2c_init)
.pio/build/electrosmith_daisy/libfc8/libDaisyDuino.a(AudioClass.cpp.o)
                              .pio/build/electrosmith_daisy/src/main.cpp.o (AudioClass::init(DaisyDuinoDevice, DaisyDuinoSampleRate))
.pio/build/electrosmith_daisy/libfc8/libDaisyDuino.a(DaisyDuino.cpp.o)
                              .pio/build/electrosmith_daisy/libfc8/libDaisyDuino.a(AudioClass.cpp.o) (DaisyHardware::Init(float, DaisyDuinoDevice))
.pio/build/electrosmith_daisy/libfc8/libDaisyDuino.a(audio.cpp.o)
                              .pio/build/electrosmith_daisy/libfc8/libDaisyDuino.a(AudioClass.cpp.o) (daisy::AudioHandle::Init(daisy::AudioHandle::Config const&, daisy::SaiHandle))
.pio/build/electrosmith_daisy/libfc8/libDaisyDuino.a(codec_ak4556.cpp.o)
                              .pio/build/electrosmith_daisy/libfc8/libDaisyDuino.a(AudioClass.cpp.o) (daisy::Ak4556::Init(dsy_gpio_pin))
.pio/build/electrosmith_daisy/libfc8/libDaisyDuino.a(codec_pcm3060.cpp.o)
                              .pio/build/electrosmith_daisy/libfc8/libDaisyDuino.a(AudioClass.cpp.o) (daisy::Pcm3060::Init(TwoWire*))
.pio/build/electrosmith_daisy/libfc8/libDaisyDuino.a(codec_wm8731.cpp.o)
                              .pio/build/electrosmith_daisy/libfc8/libDaisyDuino.a(AudioClass.cpp.o) (daisy::Wm8731::Init(daisy::Wm8731::Config const&, TwoWire*))
.pio/build/electrosmith_daisy/libfc8/libDaisyDuino.a(ctrl.cpp.o)
                              .pio/build/electrosmith_daisy/libfc8/libDaisyDuino.a(DaisyDuino.cpp.o) (daisy::AnalogControl::Init(unsigned char, float, bool, bool, float))
.pio/build/electrosmith_daisy/libfc8/libDaisyDuino.a(dma.c.o)
                              .pio/build/electrosmith_daisy/libfc8/libDaisyDuino.a(AudioClass.cpp.o) (dsy_dma_init)
.pio/build/electrosmith_daisy/libfc8/libDaisyDuino.a(encoder.cpp.o)
                              .pio/build/electrosmith_daisy/libfc8/libDaisyDuino.a(DaisyDuino.cpp.o) (daisy::Encoder::Init(float, unsigned char, unsigned char, unsigned char, unsigned char, unsigned char, unsigned char))
.pio/build/electrosmith_daisy/libfc8/libDaisyDuino.a(gpio.c.o)
                              .pio/build/electrosmith_daisy/libfc8/libDaisyDuino.a(codec_ak4556.cpp.o) (dsy_gpio_init)
.pio/build/electrosmith_daisy/libfc8/libDaisyDuino.a(hal_map.c.o)
                              .pio/build/electrosmith_daisy/libfc8/libDaisyDuino.a(gpio.c.o) (dsy_hal_map_get_port)
.pio/build/electrosmith_daisy/libfc8/libDaisyDuino.a(led.cpp.o)
                              .pio/build/electrosmith_daisy/libfc8/libDaisyDuino.a(DaisyDuino.cpp.o) (daisy::Led::Init(unsigned char, unsigned char, unsigned char, bool))
.pio/build/electrosmith_daisy/libfc8/libDaisyDuino.a(pca9685.cpp.o)
                              .pio/build/electrosmith_daisy/libfc8/libDaisyDuino.a(DaisyDuino.cpp.o) (myPCA9685::Init(unsigned char, TwoWire*))
.pio/build/electrosmith_daisy/libfc8/libDaisyDuino.a(sai.cpp.o)
                              .pio/build/electrosmith_daisy/libfc8/libDaisyDuino.a(AudioClass.cpp.o) (daisy::SaiHandle::Init(daisy::SaiHandle::Config const&))
.pio/build/electrosmith_daisy/libfc8/libDaisyDuino.a(sdram.c.o)
                              .pio/build/electrosmith_daisy/libfc8/libDaisyDuino.a(AudioClass.cpp.o) (dsy_sdram_init)
.pio/build/electrosmith_daisy/libfc8/libDaisyDuino.a(switch.cpp.o)
                              .pio/build/electrosmith_daisy/libfc8/libDaisyDuino.a(DaisyDuino.cpp.o) (daisy::Switch::Init(float, bool, unsigned char, unsigned char))
.pio/build/electrosmith_daisy/libfc8/libDaisyDuino.a(sys_mpu.c.o)
                              .pio/build/electrosmith_daisy/libfc8/libDaisyDuino.a(AudioClass.cpp.o) (dsy_mpu_init)
.pio/build/electrosmith_daisy/libfc8/libDaisyDuino.a(system.cpp.o)
                              .pio/build/electrosmith_daisy/libfc8/libDaisyDuino.a(codec_ak4556.cpp.o) (daisy::System::Delay(unsigned long))
.pio/build/electrosmith_daisy/libfc8/libDaisyDuino.a(tim.cpp.o)
                              .pio/build/electrosmith_daisy/libfc8/libDaisyDuino.a(system.cpp.o) (daisy::TimerHandle::Init(daisy::TimerHandle::Config const&))
.pio/build/electrosmith_daisy/libFrameworkArduino.a(Print.cpp.o)
                              .pio/build/electrosmith_daisy/src/main.cpp.o (Print::print(char const*))
.pio/build/electrosmith_daisy/libFrameworkArduino.a(Stream.cpp.o)
                              .pio/build/electrosmith_daisy/libdf6/libWire.a(Wire.cpp.o) (Stream::readBytes(char*, unsigned int))
.pio/build/electrosmith_daisy/libFrameworkArduino.a(WString.cpp.o)
[...]
Memory Configuration

Name             Origin             Length             Attributes
*default*        0x00000000         0xffffffff
DTCMRAM          0x20000000         0x00020000         xrw
ITCMRAM          0x00000000         0x00010000         xrw
RAM_D1           0x24000000         0x00080000         xrw
RAM_D2           0x30000000         0x00048000         xrw
RAM_D3           0x38000000         0x00010000         xrw
FLASH            0x08000000         0x00020000         xr
SDRAM            0xc0000000         0x04000000         xrw
QSPIFLASH        0x90000000         0x00800000         xr

Linker script and memory map

                0x24080000                        _estack = 0x24080000
                0x00000200                        _Min_Heap_Size = 0x200
                0x00000400                        _Min_Stack_Size = 0x400

.isr_vector     0x08000000      0x298
                0x08000000                        . = ALIGN (0x4)
 *(.isr_vector)
 .isr_vector    0x08000000      0x298 .pio/build/electrosmith_daisy/libFrameworkArduino.a(startup_stm32yyxx.S.o)
                0x08000000                g_pfnVectors
                0x08000298                        . = ALIGN (0x4)

.text           0x08000298     0xd4c8
                0x08000298                        . = ALIGN (0x4)
 *(.text)
 .text          0x08000298       0x10 /Users/ozalp/.platformio/packages/toolchain-gccarmnoneeabi/bin/../lib/gcc/arm-none-eabi/12.3.1/../../../../arm-none-eabi/lib/thumb/v7e-m+fp/hard/libc_nano.a(libc_a-strlen.o)
                0x08000298                strlen
 *(.text*)
 .text.__do_global_dtors_aux
                0x080002a8       0x24 /Users/ozalp/.platformio/packages/toolchain-gccarmnoneeabi/bin/../lib/gcc/arm-none-eabi/12.3.1/thumb/v7e-m+fp/hard/crtbegin.o
 .text.frame_dummy
                0x080002cc       0x1c /Users/ozalp/.platformio/packages/toolchain-gccarmnoneeabi/bin/../lib/gcc/arm-none-eabi/12.3.1/thumb/v7e-m+fp/hard/crtbegin.o
 .text._ZN9USBSerial5writeEh
                0x080002e8       0x18 .pio/build/electrosmith_daisy/USBDevice/src/USBSerial.cpp.o
                0x080002e8                USBSerial::write(unsigned char)
 .text._ZN9USBSerial17availableForWriteEv
                0x08000300        0xc .pio/build/electrosmith_daisy/USBDevice/src/USBSerial.cpp.o
                0x08000300                USBSerial::availableForWrite()
 .text._ZN9USBSerial5writeEPKhj
                0x0800030c       0x48 .pio/build/electrosmith_daisy/USBDevice/src/USBSerial.cpp.o
                0x0800030c                USBSerial::write(unsigned char const*, unsigned int)
 .text._ZN9USBSerial9availableEv
                0x08000354        0xc .pio/build/electrosmith_daisy/USBDevice/src/USBSerial.cpp.o
                0x08000354                USBSerial::available()
 .text._ZN9USBSerial4readEv
                0x08000360       0x18 .pio/build/electrosmith_daisy/USBDevice/src/USBSerial.cpp.o
                0x08000360                USBSerial::read()
 .text._ZN9USBSerial9readBytesEPcj
                0x08000378       0x4c .pio/build/electrosmith_daisy/USBDevice/src/USBSerial.cpp.o
                0x08000378                USBSerial::readBytes(char*, unsigned int)
 .text._ZN9USBSerial14readBytesUntilEcPcj
                0x080003c4       0x68 .pio/build/electrosmith_daisy/USBDevice/src/USBSerial.cpp.o
                0x080003c4                USBSerial::readBytesUntil(char, char*, unsigned int)
 .text._ZN9USBSerial4peekEv
                0x0800042c        0xc .pio/build/electrosmith_daisy/USBDevice/src/USBSerial.cpp.o
                0x0800042c                USBSerial::peek()
 .text._ZN9USBSerial5flushEv
                0x08000438       0x14 .pio/build/electrosmith_daisy/USBDevice/src/USBSerial.cpp.o
                0x08000438                USBSerial::flush()
 .text._ZN9USBSerial5beginEm
                0x0800044c        0x4 .pio/build/electrosmith_daisy/USBDevice/src/USBSerial.cpp.o
                0x0800044c                USBSerial::begin(unsigned long)
 .text._ZN9USBSerialcvbEv
                0x08000450       0x14 .pio/build/electrosmith_daisy/USBDevice/src/USBSerial.cpp.o
                0x08000450                USBSerial::operator bool()
 .text.startup._GLOBAL__sub_I_SerialUSB
                0x08000464       0x1c .pio/build/electrosmith_daisy/USBDevice/src/USBSerial.cpp.o
 .text.CDC_TransmitQueue_Init
                0x08000480        0xc .pio/build/electrosmith_daisy/USBDevice/src/cdc/cdc_queue.c.o
                0x08000480                CDC_TransmitQueue_Init
 .text.CDC_TransmitQueue_WriteSize
                0x0800048c       0x20 .pio/build/electrosmith_daisy/USBDevice/src/cdc/cdc_queue.c.o
                0x0800048c                CDC_TransmitQueue_WriteSize
 .text.CDC_TransmitQueue_ReadSize
                0x080004ac       0x22 .pio/build/electrosmith_daisy/USBDevice/src/cdc/cdc_queue.c.o
                0x080004ac                CDC_TransmitQueue_ReadSize
 .text.CDC_TransmitQueue_Enqueue
                0x080004ce       0x46 .pio/build/electrosmith_daisy/USBDevice/src/cdc/cdc_queue.c.o
                0x080004ce                CDC_TransmitQueue_Enqueue
 .text.CDC_TransmitQueue_ReadBlock
                0x08000514       0x36 .pio/build/electrosmith_daisy/USBDevice/src/cdc/cdc_queue.c.o
                0x08000514                CDC_TransmitQueue_ReadBlock
 .text.CDC_TransmitQueue_CommitRead
                0x0800054a       0x14 .pio/build/electrosmith_daisy/USBDevice/src/cdc/cdc_queue.c.o
                0x0800054a                CDC_TransmitQueue_CommitRead
 .text.CDC_ReceiveQueue_Init
                0x0800055e       0x12 .pio/build/electrosmith_daisy/USBDevice/src/cdc/cdc_queue.c.o
                0x0800055e                CDC_ReceiveQueue_Init
 .text.CDC_ReceiveQueue_ReserveBlock
                0x08000570       0x72 .pio/build/electrosmith_daisy/USBDevice/src/cdc/cdc_queue.c.o
                0x08000570                CDC_ReceiveQueue_ReserveBlock
 .text.CDC_ReceiveQueue_CommitBlock
                0x080005e2       0x36 .pio/build/electrosmith_daisy/USBDevice/src/cdc/cdc_queue.c.o
                0x080005e2                CDC_ReceiveQueue_CommitBlock
 .text.CDC_ReceiveQueue_ReadSize
                0x08000618       0x50 .pio/build/electrosmith_daisy/USBDevice/src/cdc/cdc_queue.c.o
                0x08000618                CDC_ReceiveQueue_ReadSize
 .text.CDC_ReceiveQueue_Dequeue
                0x08000668       0x6e .pio/build/electrosmith_daisy/USBDevice/src/cdc/cdc_queue.c.o
                0x08000668                CDC_ReceiveQueue_Dequeue
 .text.CDC_ReceiveQueue_Peek
                0x080006d6       0x4e .pio/build/electrosmith_daisy/USBDevice/src/cdc/cdc_queue.c.o
                0x080006d6                CDC_ReceiveQueue_Peek
 .text.CDC_ReceiveQueue_Read
                0x08000724       0x90 .pio/build/electrosmith_daisy/USBDevice/src/cdc/cdc_queue.c.o
                0x08000724                CDC_ReceiveQueue_Read
 .text.CDC_ReceiveQueue_ReadUntil
                0x080007b4       0xd2 .pio/build/electrosmith_daisy/USBDevice/src/cdc/cdc_queue.c.o
                0x080007b4                CDC_ReceiveQueue_ReadUntil
 .text.USBD_CDC_EP0_RxReady
                0x08000886       0x38 .pio/build/electrosmith_daisy/USBDevice/src/cdc/usbd_cdc.c.o
 *fill*         0x080008be        0x2 
 .text.USBD_CDC_GetDeviceQualifierDescriptor
                0x080008c0        0xc .pio/build/electrosmith_daisy/USBDevice/src/cdc/usbd_cdc.c.o
                0x080008c0                USBD_CDC_GetDeviceQualifierDescriptor
 .text.USBD_CDC_GetOtherSpeedCfgDesc
                0x080008cc       0x48 .pio/build/electrosmith_daisy/USBDevice/src/cdc/usbd_cdc.c.o
 .text.USBD_CDC_GetFSCfgDesc
                0x08000914       0x48 .pio/build/electrosmith_daisy/USBDevice/src/cdc/usbd_cdc.c.o
 .text.USBD_CDC_GetHSCfgDesc
                0x0800095c       0x48 .pio/build/electrosmith_daisy/USBDevice/src/cdc/usbd_cdc.c.o
 .text.USBD_CDC_DataOut
                0x080009a4       0x38 .pio/build/electrosmith_daisy/USBDevice/src/cdc/usbd_cdc.c.o
 .text.USBD_CDC_DataIn
                0x080009dc       0x64 .pio/build/electrosmith_daisy/USBDevice/src/cdc/usbd_cdc.c.o
 .text.USBD_CDC_Setup
                0x08000a40       0xf0 .pio/build/electrosmith_daisy/USBDevice/src/cdc/usbd_cdc.c.o
 .text.USBD_CDC_DeInit
                0x08000b30       0x4e .pio/build/electrosmith_daisy/USBDevice/src/cdc/usbd_cdc.c.o
 *fill*         0x08000b7e        0x2 
 .text.USBD_CDC_Init
                0x08000b80       0xbc .pio/build/electrosmith_daisy/USBDevice/src/cdc/usbd_cdc.c.o
 .text.USBD_CDC_RegisterInterface
                0x08000c3c       0x16 .pio/build/electrosmith_daisy/USBDevice/src/cdc/usbd_cdc.c.o
                0x08000c3c                USBD_CDC_RegisterInterface
 .text.USBD_CDC_SetTxBuffer
                0x08000c52       0x1c .pio/build/electrosmith_daisy/USBDevice/src/cdc/usbd_cdc.c.o
                0x08000c52                USBD_CDC_SetTxBuffer
 .text.USBD_CDC_SetRxBuffer
                0x08000c6e       0x18 .pio/build/electrosmith_daisy/USBDevice/src/cdc/usbd_cdc.c.o
                0x08000c6e                USBD_CDC_SetRxBuffer
 .text.USBD_CDC_TransmitPacket
                0x08000c86       0x36 .pio/build/electrosmith_daisy/USBDevice/src/cdc/usbd_cdc.c.o
                0x08000c86                USBD_CDC_TransmitPacket
 .text.USBD_CDC_ReceivePacket
                0x08000cbc       0x2c .pio/build/electrosmith_daisy/USBDevice/src/cdc/usbd_cdc.c.o
                0x08000cbc                USBD_CDC_ReceivePacket
 .text.USBD_CDC_ClearBuffer
                0x08000ce8       0x20 .pio/build/electrosmith_daisy/USBDevice/src/cdc/usbd_cdc.c.o
                0x08000ce8                USBD_CDC_ClearBuffer
 .text.USBD_CDC_DeInit
                0x08000d08        0x4 .pio/build/electrosmith_daisy/USBDevice/src/cdc/usbd_cdc_if.c.o
 .text.USBD_CDC_Control
                0x08000d0c       0x84 .pio/build/electrosmith_daisy/USBDevice/src/cdc/usbd_cdc_if.c.o
 .text.USBD_CDC_Init
                0x08000d90       0x38 .pio/build/electrosmith_daisy/USBDevice/src/cdc/usbd_cdc_if.c.o
 .text.CDC_init
                0x08000dc8       0x48 .pio/build/electrosmith_daisy/USBDevice/src/cdc/usbd_cdc_if.c.o
                0x08000dc8                CDC_init
 .text.CDC_connected
                0x08000e10       0x40 .pio/build/electrosmith_daisy/USBDevice/src/cdc/usbd_cdc_if.c.o
                0x08000e10                CDC_connected
 .text.CDC_continue_transmit
                0x08000e50       0x4c .pio/build/electrosmith_daisy/USBDevice/src/cdc/usbd_cdc_if.c.o
                0x08000e50                CDC_continue_transmit
 .text.USBD_CDC_TransmitCplt
                0x08000e9c       0x20 .pio/build/electrosmith_daisy/USBDevice/src/cdc/usbd_cdc_if.c.o
 .text.CDC_resume_receive
                0x08000ebc       0x38 .pio/build/electrosmith_daisy/USBDevice/src/cdc/usbd_cdc_if.c.o
                0x08000ebc                CDC_resume_receive
 .text.USBD_CDC_Receive
                0x08000ef4       0x2c .pio/build/electrosmith_daisy/USBDevice/src/cdc/usbd_cdc_if.c.o
 .text.USBD_Init
                0x08000f20       0x26 .pio/build/electrosmith_daisy/USBDevice/src/usb_device_core.c.o
                0x08000f20                USBD_Init
 .text.USBD_RegisterClass
                0x08000f46       0x32 .pio/build/electrosmith_daisy/USBDevice/src/usb_device_core.c.o
                0x08000f46                USBD_RegisterClass
 .text.USBD_Start
                0x08000f78        0x4 .pio/build/electrosmith_daisy/USBDevice/src/usb_device_core.c.o
                0x08000f78                USBD_Start
 .text.USBD_SetClassConfig
                0x08000f7c        0xe .pio/build/electrosmith_daisy/USBDevice/src/usb_device_core.c.o
                0x08000f7c                USBD_SetClassConfig
 .text.USBD_ClrClassConfig
                0x08000f8a       0x12 .pio/build/electrosmith_daisy/USBDevice/src/usb_device_core.c.o
                0x08000f8a                USBD_ClrClassConfig
 .text.USBD_LL_SetupStage
                0x08000f9c       0x60 .pio/build/electrosmith_daisy/USBDevice/src/usb_device_core.c.o
                0x08000f9c                USBD_LL_SetupStage
 .text.USBD_LL_DataOutStage
                0x08000ffc       0x6a .pio/build/electrosmith_daisy/USBDevice/src/usb_device_core.c.o
                0x08000ffc                USBD_LL_DataOutStage
 .text.USBD_LL_DataInStage
                0x08001066       0xa6 .pio/build/electrosmith_daisy/USBDevice/src/usb_device_core.c.o
                0x08001066                USBD_LL_DataInStage
 .text.USBD_LL_Reset
                0x0800110c       0x5e .pio/build/electrosmith_daisy/USBDevice/src/usb_device_core.c.o
                0x0800110c                USBD_LL_Reset
 .text.USBD_LL_SetSpeed
                0x0800116a        0x6 .pio/build/electrosmith_daisy/USBDevice/src/usb_device_core.c.o
                0x0800116a                USBD_LL_SetSpeed
 .text.USBD_LL_Suspend
                0x08001170       0x1c .pio/build/electrosmith_daisy/USBDevice/src/usb_device_core.c.o
                0x08001170                USBD_LL_Suspend
 .text.USBD_LL_Resume
                0x0800118c       0x16 .pio/build/electrosmith_daisy/USBDevice/src/usb_device_core.c.o
                0x0800118c                USBD_LL_Resume
 .text.USBD_LL_SOF
                0x080011a2       0x1a .pio/build/electrosmith_daisy/USBDevice/src/usb_device_core.c.o
                0x080011a2                USBD_LL_SOF
 .text.USBD_LL_IsoINIncomplete
                0x080011bc       0x26 .pio/build/electrosmith_daisy/USBDevice/src/usb_device_core.c.o
                0x080011bc                USBD_LL_IsoINIncomplete
 .text.USBD_LL_IsoOUTIncomplete
                0x080011e2       0x26 .pio/build/electrosmith_daisy/USBDevice/src/usb_device_core.c.o
                0x080011e2                USBD_LL_IsoOUTIncomplete
 .text.USBD_LL_DevConnected
                0x08001208        0x4 .pio/build/electrosmith_daisy/USBDevice/src/usb_device_core.c.o
                0x08001208                USBD_LL_DevConnected
 .text.USBD_LL_DevDisconnected
                0x0800120c       0x20 .pio/build/electrosmith_daisy/USBDevice/src/usb_device_core.c.o
                0x0800120c                USBD_LL_DevDisconnected
 .text.USBD_CoreFindIF
                0x0800122c        0x4 .pio/build/electrosmith_daisy/USBDevice/src/usb_device_core.c.o
                0x0800122c                USBD_CoreFindIF
 .text.USBD_CoreFindEP
                0x08001230        0x4 .pio/build/electrosmith_daisy/USBDevice/src/usb_device_core.c.o
                0x08001230                USBD_CoreFindEP
 .text.USBD_GetEpDesc
                0x08001234       0x24 .pio/build/electrosmith_daisy/USBDevice/src/usb_device_core.c.o
                0x08001234                USBD_GetEpDesc
 .text.USBD_CtlError.constprop.0
                0x08001258       0x16 .pio/build/electrosmith_daisy/USBDevice/src/usb_device_ctlreq.c.o
 *fill*         0x0800126e        0x2 
 .text.USBD_StdDevReq
                0x08001270      0x288 .pio/build/electrosmith_daisy/USBDevice/src/usb_device_ctlreq.c.o
                0x08001270                USBD_StdDevReq
 .text.USBD_StdItfReq
                0x080014f8       0x5a .pio/build/electrosmith_daisy/USBDevice/src/usb_device_ctlreq.c.o
                0x080014f8                USBD_StdItfReq
 .text.USBD_StdEPReq
                0x08001552      0x13e .pio/build/electrosmith_daisy/USBDevice/src/usb_device_ctlreq.c.o
                0x08001552                USBD_StdEPReq
 .text.USBD_ParseSetupRequest
                0x08001690       0x16 .pio/build/electrosmith_daisy/USBDevice/src/usb_device_ctlreq.c.o
                0x08001690                USBD_ParseSetupRequest
 .text.USBD_CtlError
                0x080016a6       0x16 .pio/build/electrosmith_daisy/USBDevice/src/usb_device_ctlreq.c.o
                0x080016a6                USBD_CtlError
 .text.USBD_GetString
                0x080016bc       0x42 .pio/build/electrosmith_daisy/USBDevice/src/usb_device_ctlreq.c.o
                0x080016bc                USBD_GetString
 .text.USBD_CtlSendData
                0x080016fe       0x1a .pio/build/electrosmith_daisy/USBDevice/src/usb_device_ioreq.c.o
                0x080016fe                USBD_CtlSendData
 .text.USBD_CtlContinueSendData
                0x08001718       0x10 .pio/build/electrosmith_daisy/USBDevice/src/usb_device_ioreq.c.o
                0x08001718                USBD_CtlContinueSendData
 .text.USBD_CtlPrepareRx
                0x08001728       0x1a .pio/build/electrosmith_daisy/USBDevice/src/usb_device_ioreq.c.o
                0x08001728                USBD_CtlPrepareRx
 .text.USBD_CtlContinueRx
                0x08001742       0x10 .pio/build/electrosmith_daisy/USBDevice/src/usb_device_ioreq.c.o
                0x08001742                USBD_CtlContinueRx
 .text.USBD_CtlSendStatus
                0x08001752       0x16 .pio/build/electrosmith_daisy/USBDevice/src/usb_device_ioreq.c.o
                0x08001752                USBD_CtlSendStatus
 .text.USBD_CtlReceiveStatus
                0x08001768       0x16 .pio/build/electrosmith_daisy/USBDevice/src/usb_device_ioreq.c.o
                0x08001768                USBD_CtlReceiveStatus
 *fill*         0x0800177e        0x2 
 .text.HAL_PCD_MspInit
                0x08001780      0x11c .pio/build/electrosmith_daisy/USBDevice/src/usbd_conf.c.o
                0x08001780                HAL_PCD_MspInit
 .text.HAL_PCD_SetupStageCallback
                0x0800189c        0xc .pio/build/electrosmith_daisy/USBDevice/src/usbd_conf.c.o
                0x0800189c                HAL_PCD_SetupStageCallback
 .text.HAL_PCD_DataOutStageCallback
                0x080018a8       0x12 .pio/build/electrosmith_daisy/USBDevice/src/usbd_conf.c.o
                0x080018a8                HAL_PCD_DataOutStageCallback
 .text.HAL_PCD_DataInStageCallback
                0x080018ba       0x10 .pio/build/electrosmith_daisy/USBDevice/src/usbd_conf.c.o
                0x080018ba                HAL_PCD_DataInStageCallback
 .text.HAL_PCD_SOFCallback
                0x080018ca        0x8 .pio/build/electrosmith_daisy/USBDevice/src/usbd_conf.c.o
                0x080018ca                HAL_PCD_SOFCallback
 .text.HAL_PCD_ResetCallback
                0x080018d2       0x22 .pio/build/electrosmith_daisy/USBDevice/src/usbd_conf.c.o
                0x080018d2                HAL_PCD_ResetCallback
 .text.HAL_PCD_SuspendCallback
                0x080018f4       0x30 .pio/build/electrosmith_daisy/USBDevice/src/usbd_conf.c.o
                0x080018f4                HAL_PCD_SuspendCallback
 .text.HAL_PCD_ResumeCallback
                0x08001924       0x34 .pio/build/electrosmith_daisy/USBDevice/src/usbd_conf.c.o
                0x08001924                HAL_PCD_ResumeCallback
 .text.HAL_PCD_ISOOUTIncompleteCallback
                0x08001958        0x8 .pio/build/electrosmith_daisy/USBDevice/src/usbd_conf.c.o
                0x08001958                HAL_PCD_ISOOUTIncompleteCallback
 .text.HAL_PCD_ISOINIncompleteCallback
                0x08001960        0x8 .pio/build/electrosmith_daisy/USBDevice/src/usbd_conf.c.o
                0x08001960                HAL_PCD_ISOINIncompleteCallback
 .text.HAL_PCD_ConnectCallback
                0x08001968        0x8 .pio/build/electrosmith_daisy/USBDevice/src/usbd_conf.c.o
                0x08001968                HAL_PCD_ConnectCallback
 .text.HAL_PCD_DisconnectCallback
                0x08001970        0x8 .pio/build/electrosmith_daisy/USBDevice/src/usbd_conf.c.o
                0x08001970                HAL_PCD_DisconnectCallback
 .text.OTG_FS_IRQHandler
                0x08001978        0xc .pio/build/electrosmith_daisy/USBDevice/src/usbd_conf.c.o
                0x08001978                OTG_FS_IRQHandler
 .text.OTG_FS_WKUP_IRQHandler
                0x08001984       0x30 .pio/build/electrosmith_daisy/USBDevice/src/usbd_conf.c.o
                0x08001984                OTG_FS_WKUP_IRQHandler
 .text.USBD_LL_Init
                0x080019b4       0x64 .pio/build/electrosmith_daisy/USBDevice/src/usbd_conf.c.o
                0x080019b4                USBD_LL_Init
 .text.USBD_LL_Start
                0x08001a18        0xe .pio/build/electrosmith_daisy/USBDevice/src/usbd_conf.c.o
                0x08001a18                USBD_LL_Start
 .text.USBD_LL_OpenEP
                0x08001a26       0x14 .pio/build/electrosmith_daisy/USBDevice/src/usbd_conf.c.o
                0x08001a26                USBD_LL_OpenEP
 .text.USBD_LL_CloseEP
                0x08001a3a        0xe .pio/build/electrosmith_daisy/USBDevice/src/usbd_conf.c.o
                0x08001a3a                USBD_LL_CloseEP
 .text.USBD_LL_StallEP
                0x08001a48        0xe .pio/build/electrosmith_daisy/USBDevice/src/usbd_conf.c.o
                0x08001a48                USBD_LL_StallEP
 .text.USBD_LL_ClearStallEP
                0x08001a56        0xe .pio/build/electrosmith_daisy/USBDevice/src/usbd_conf.c.o
                0x08001a56                USBD_LL_ClearStallEP
 .text.USBD_LL_IsStallEP
                0x08001a64       0x24 .pio/build/electrosmith_daisy/USBDevice/src/usbd_conf.c.o
                0x08001a64                USBD_LL_IsStallEP
 .text.USBD_LL_SetUSBAddress
                0x08001a88        0xe .pio/build/electrosmith_daisy/USBDevice/src/usbd_conf.c.o
                0x08001a88                USBD_LL_SetUSBAddress
 .text.USBD_LL_Transmit
                0x08001a96        0xe .pio/build/electrosmith_daisy/USBDevice/src/usbd_conf.c.o
                0x08001a96                USBD_LL_Transmit
 .text.USBD_LL_PrepareReceive
                0x08001aa4        0xe .pio/build/electrosmith_daisy/USBDevice/src/usbd_conf.c.o
                0x08001aa4                USBD_LL_PrepareReceive
 .text.USBD_LL_GetRxDataSize
                0x08001ab2        0x8 .pio/build/electrosmith_daisy/USBDevice/src/usbd_conf.c.o
                0x08001ab2                USBD_LL_GetRxDataSize
 *fill*         0x08001aba        0x2 
 .text.USBD_Class_DeviceDescriptor
                0x08001abc        0xc .pio/build/electrosmith_daisy/USBDevice/src/usbd_desc.c.o
                0x08001abc                USBD_Class_DeviceDescriptor
 .text.USBD_LangIDStrDescriptor
                0x08001ac8        0xc .pio/build/electrosmith_daisy/USBDevice/src/usbd_desc.c.o
                0x08001ac8                USBD_LangIDStrDescriptor
 .text.USBD_Class_UserStrDescriptor
                0x08001ad4        0x8 .pio/build/electrosmith_daisy/USBDevice/src/usbd_desc.c.o
                0x08001ad4                USBD_Class_UserStrDescriptor
 .text.IntToUnicode
                0x08001adc       0x2c .pio/build/electrosmith_daisy/USBDevice/src/usbd_desc.c.o
 .text.USBD_SerialStrDescriptor
                0x08001b08       0x3c .pio/build/electrosmith_daisy/USBDevice/src/usbd_desc.c.o
                0x08001b08                USBD_SerialStrDescriptor
 .text.USBD_ManufacturerStrDescriptor
                0x08001b44       0x1c .pio/build/electrosmith_daisy/USBDevice/src/usbd_desc.c.o
                0x08001b44                USBD_ManufacturerStrDescriptor
 .text.USBD_Class_ProductStrDescriptor
                0x08001b60       0x24 .pio/build/electrosmith_daisy/USBDevice/src/usbd_desc.c.o
                0x08001b60                USBD_Class_ProductStrDescriptor
 .text.USBD_Class_ConfigStrDescriptor
                0x08001b84       0x1c .pio/build/electrosmith_daisy/USBDevice/src/usbd_desc.c.o
                0x08001b84                USBD_Class_ConfigStrDescriptor
 .text.USBD_Class_InterfaceStrDescriptor
                0x08001ba0       0x1c .pio/build/electrosmith_daisy/USBDevice/src/usbd_desc.c.o
                0x08001ba0                USBD_Class_InterfaceStrDescriptor
 .text.USBD_reenumerate
                0x08001bbc       0x20 .pio/build/electrosmith_daisy/USBDevice/src/usbd_if.c.o
                0x08001bbc                USBD_reenumerate
 .text.USBD_CDC_init
                0x08001bdc        0x4 .pio/build/electrosmith_daisy/USBDevice/src/usbd_if.c.o
                0x08001bdc                USBD_CDC_init
 .text.USBD_SystemClockConfigFromResume
                0x08001be0        0xe .pio/build/electrosmith_daisy/USBDevice/src/usbd_if.c.o
                0x08001be0                USBD_SystemClockConfigFromResume
 *fill*         0x08001bee        0x2 
 .text.SystemClock_Config
                0x08001bf0      0x14c .pio/build/electrosmith_daisy/FrameworkArduinoVariant/variant_DAISY_SEED.cpp.o
                0x08001bf0                SystemClock_Config
 .text.HAL_MspInit
                0x08001d3c        0x2 .pio/build/electrosmith_daisy/SrcWrapper/src/HAL/stm32yyxx_hal.c.o
                0x08001d3c                HAL_MspInit
 *fill*         0x08001d3e        0x2 
 .text.HAL_InitTick
                0x08001d40       0x4c .pio/build/electrosmith_daisy/SrcWrapper/src/HAL/stm32yyxx_hal.c.o
                0x08001d40                HAL_InitTick
 .text.HAL_Init
                0x08001d8c       0x5c .pio/build/electrosmith_daisy/SrcWrapper/src/HAL/stm32yyxx_hal.c.o
                0x08001d8c                HAL_Init
 .text.HAL_IncTick
                0x08001de8       0x18 .pio/build/electrosmith_daisy/SrcWrapper/src/HAL/stm32yyxx_hal.c.o
                0x08001de8                HAL_IncTick
 .text.HAL_GetTick
                0x08001e00        0xc .pio/build/electrosmith_daisy/SrcWrapper/src/HAL/stm32yyxx_hal.c.o
                0x08001e00                HAL_GetTick
 .text.HAL_Delay
                0x08001e0c       0x24 .pio/build/electrosmith_daisy/SrcWrapper/src/HAL/stm32yyxx_hal.c.o
                0x08001e0c                HAL_Delay
 .text.HAL_GetREVID
                0x08001e30        0xc .pio/build/electrosmith_daisy/SrcWrapper/src/HAL/stm32yyxx_hal.c.o
                0x08001e30                HAL_GetREVID
 .text.HAL_NVIC_SetPriorityGrouping
                0x08001e3c       0x24 .pio/build/electrosmith_daisy/SrcWrapper/src/HAL/stm32yyxx_hal_cortex.c.o
                0x08001e3c                HAL_NVIC_SetPriorityGrouping
 .text.HAL_NVIC_SetPriority
                0x08001e60       0x64 .pio/build/electrosmith_daisy/SrcWrapper/src/HAL/stm32yyxx_hal_cortex.c.o
                0x08001e60                HAL_NVIC_SetPriority
 .text.HAL_NVIC_EnableIRQ
                0x08001ec4       0x1c .pio/build/electrosmith_daisy/SrcWrapper/src/HAL/stm32yyxx_hal_cortex.c.o
                0x08001ec4                HAL_NVIC_EnableIRQ
 .text.HAL_NVIC_DisableIRQ
                0x08001ee0       0x24 .pio/build/electrosmith_daisy/SrcWrapper/src/HAL/stm32yyxx_hal_cortex.c.o
                0x08001ee0                HAL_NVIC_DisableIRQ
 .text.HAL_SYSTICK_Config
                0x08001f04       0x28 .pio/build/electrosmith_daisy/SrcWrapper/src/HAL/stm32yyxx_hal_cortex.c.o
                0x08001f04                HAL_SYSTICK_Config
 .text.HAL_MPU_Disable
                0x08001f2c       0x1c .pio/build/electrosmith_daisy/SrcWrapper/src/HAL/stm32yyxx_hal_cortex.c.o
                0x08001f2c                HAL_MPU_Disable
 .text.HAL_MPU_Enable
                0x08001f48       0x20 .pio/build/electrosmith_daisy/SrcWrapper/src/HAL/stm32yyxx_hal_cortex.c.o
                0x08001f48                HAL_MPU_Enable
 .text.HAL_MPU_ConfigRegion
                0x08001f68       0x58 .pio/build/electrosmith_daisy/SrcWrapper/src/HAL/stm32yyxx_hal_cortex.c.o
                0x08001f68                HAL_MPU_ConfigRegion
 .text.HAL_NVIC_ClearPendingIRQ
                0x08001fc0       0x1c .pio/build/electrosmith_daisy/SrcWrapper/src/HAL/stm32yyxx_hal_cortex.c.o
                0x08001fc0                HAL_NVIC_ClearPendingIRQ
 .text.HAL_SYSTICK_Callback
                0x08001fdc        0x2 .pio/build/electrosmith_daisy/SrcWrapper/src/HAL/stm32yyxx_hal_cortex.c.o
                0x08001fdc                HAL_SYSTICK_Callback
 .text.HAL_SYSTICK_IRQHandler
                0x08001fde        0x8 .pio/build/electrosmith_daisy/SrcWrapper/src/HAL/stm32yyxx_hal_cortex.c.o
                0x08001fde                HAL_SYSTICK_IRQHandler
 .text.HAL_CRC_MspInit
                0x08001fe6        0x2 .pio/build/electrosmith_daisy/SrcWrapper/src/HAL/stm32yyxx_hal_crc.c.o
                0x08001fe6                HAL_CRC_MspInit
 .text.HAL_CRC_Init
                0x08001fe8       0x74 .pio/build/electrosmith_daisy/SrcWrapper/src/HAL/stm32yyxx_hal_crc.c.o
                0x08001fe8                HAL_CRC_Init
 .text.HAL_CRCEx_Polynomial_Set
                0x0800205c       0x52 .pio/build/electrosmith_daisy/SrcWrapper/src/HAL/stm32yyxx_hal_crc_ex.c.o
                0x0800205c                HAL_CRCEx_Polynomial_Set
 .text.HAL_DAC_DeInit
                0x080020ae       0x1c .pio/build/electrosmith_daisy/SrcWrapper/src/HAL/stm32yyxx_hal_dac.c.o
                0x080020ae                HAL_DAC_DeInit
 .text.HAL_DAC_Stop
                0x080020ca       0x22 .pio/build/electrosmith_daisy/SrcWrapper/src/HAL/stm32yyxx_hal_dac.c.o
                0x080020ca                HAL_DAC_Stop
 .text.DMA_CalcBaseAndBitshift
                0x080020ec       0xb4 .pio/build/electrosmith_daisy/SrcWrapper/src/HAL/stm32yyxx_hal_dma.c.o
 .text.DMA_CalcDMAMUXChannelBaseAndMask
                0x080021a0       0x98 .pio/build/electrosmith_daisy/SrcWrapper/src/HAL/stm32yyxx_hal_dma.c.o
 .text.DMA_CalcDMAMUXRequestGenBaseAndMask
                0x08002238       0x70 .pio/build/electrosmith_daisy/SrcWrapper/src/HAL/stm32yyxx_hal_dma.c.o
 .text.HAL_DMA_Init
                0x080022a8      0x390 .pio/build/electrosmith_daisy/SrcWrapper/src/HAL/stm32yyxx_hal_dma.c.o
                0x080022a8                HAL_DMA_Init
 .text.HAL_DMA_Abort
                0x08002638      0x43c .pio/build/electrosmith_daisy/SrcWrapper/src/HAL/stm32yyxx_hal_dma.c.o
                0x08002638                HAL_DMA_Abort
 .text.HAL_DMA_Abort_IT
                0x08002a74      0x140 .pio/build/electrosmith_daisy/SrcWrapper/src/HAL/stm32yyxx_hal_dma.c.o
                0x08002a74                HAL_DMA_Abort_IT
 .text.HAL_DMA_IRQHandler
                0x08002bb4      0x6a0 .pio/build/electrosmith_daisy/SrcWrapper/src/HAL/stm32yyxx_hal_dma.c.o
                0x08002bb4                HAL_DMA_IRQHandler
 .text.HAL_DMA_GetState
                0x08003254        0x6 .pio/build/electrosmith_daisy/SrcWrapper/src/HAL/stm32yyxx_hal_dma.c.o
                0x08003254                HAL_DMA_GetState
 *fill*         0x0800325a        0x2 
 .text.HAL_GPIO_Init
                0x0800325c      0x1ec .pio/build/electrosmith_daisy/SrcWrapper/src/HAL/stm32yyxx_hal_gpio.c.o
                0x0800325c                HAL_GPIO_Init
 .text.HAL_GPIO_WritePin
                0x08003448        0xa .pio/build/electrosmith_daisy/SrcWrapper/src/HAL/stm32yyxx_hal_gpio.c.o
                0x08003448                HAL_GPIO_WritePin
 .text.HAL_GPIO_EXTI_IRQHandler
                0x08003452       0x18 .pio/build/electrosmith_daisy/SrcWrapper/src/HAL/stm32yyxx_hal_gpio.c.o
                0x08003452                HAL_GPIO_EXTI_IRQHandler
 .text.I2C_Flush_TXDR
                0x0800346a       0x1c .pio/build/electrosmith_daisy/SrcWrapper/src/HAL/stm32yyxx_hal_i2c.c.o
 *fill*         0x08003486        0x2 
 .text.I2C_TransferConfig
                0x08003488       0x2c .pio/build/electrosmith_daisy/SrcWrapper/src/HAL/stm32yyxx_hal_i2c.c.o
 .text.I2C_Enable_IRQ
                0x080034b4       0x88 .pio/build/electrosmith_daisy/SrcWrapper/src/HAL/stm32yyxx_hal_i2c.c.o
 .text.I2C_Disable_IRQ
                0x0800353c       0x42 .pio/build/electrosmith_daisy/SrcWrapper/src/HAL/stm32yyxx_hal_i2c.c.o
 .text.I2C_IsErrorOccurred
                0x0800357e      0x116 .pio/build/electrosmith_daisy/SrcWrapper/src/HAL/stm32yyxx_hal_i2c.c.o
 .text.I2C_WaitOnFlagUntilTimeout
                0x08003694       0x76 .pio/build/electrosmith_daisy/SrcWrapper/src/HAL/stm32yyxx_hal_i2c.c.o
 .text.I2C_ConvertOtherXferOptions
                0x0800370a       0x1a .pio/build/electrosmith_daisy/SrcWrapper/src/HAL/stm32yyxx_hal_i2c.c.o
 .text.HAL_I2C_MspInit
                0x08003724        0x2 .pio/build/electrosmith_daisy/SrcWrapper/src/HAL/stm32yyxx_hal_i2c.c.o
                0x08003724                HAL_I2C_MspInit
 .text.HAL_I2C_Init
                0x08003726       0xaa .pio/build/electrosmith_daisy/SrcWrapper/src/HAL/stm32yyxx_hal_i2c.c.o
                0x08003726                HAL_I2C_Init
 .text.HAL_I2C_MspDeInit
                0x080037d0        0x2 .pio/build/electrosmith_daisy/SrcWrapper/src/HAL/stm32yyxx_hal_i2c.c.o
                0x080037d0                HAL_I2C_MspDeInit
 .text.HAL_I2C_DeInit
                0x080037d2       0x32 .pio/build/electrosmith_daisy/SrcWrapper/src/HAL/stm32yyxx_hal_i2c.c.o
                0x080037d2                HAL_I2C_DeInit
 .text.HAL_I2C_IsDeviceReady
                0x08003804      0x10e .pio/build/electrosmith_daisy/SrcWrapper/src/HAL/stm32yyxx_hal_i2c.c.o
                0x08003804                HAL_I2C_IsDeviceReady
 *fill*         0x08003912        0x2 
 .text.HAL_I2C_Master_Seq_Transmit_IT
                0x08003914       0xe8 .pio/build/electrosmith_daisy/SrcWrapper/src/HAL/stm32yyxx_hal_i2c.c.o
                0x08003914                HAL_I2C_Master_Seq_Transmit_IT
 .text.HAL_I2C_Master_Seq_Receive_IT
                0x080039fc       0xa4 .pio/build/electrosmith_daisy/SrcWrapper/src/HAL/stm32yyxx_hal_i2c.c.o
                0x080039fc                HAL_I2C_Master_Seq_Receive_IT
 .text.HAL_I2C_Slave_Seq_Transmit_IT
                0x08003aa0       0xc4 .pio/build/electrosmith_daisy/SrcWrapper/src/HAL/stm32yyxx_hal_i2c.c.o
                0x08003aa0                HAL_I2C_Slave_Seq_Transmit_IT
 .text.HAL_I2C_Slave_Seq_Receive_IT
                0x08003b64       0xc4 .pio/build/electrosmith_daisy/SrcWrapper/src/HAL/stm32yyxx_hal_i2c.c.o
                0x08003b64                HAL_I2C_Slave_Seq_Receive_IT
 .text.HAL_I2C_EnableListen_IT
                0x08003c28       0x28 .pio/build/electrosmith_daisy/SrcWrapper/src/HAL/stm32yyxx_hal_i2c.c.o
                0x08003c28                HAL_I2C_EnableListen_IT
 .text.HAL_I2C_EV_IRQHandler
                0x08003c50        0xe .pio/build/electrosmith_daisy/SrcWrapper/src/HAL/stm32yyxx_hal_i2c.c.o
                0x08003c50                HAL_I2C_EV_IRQHandler
 .text.HAL_I2C_MasterTxCpltCallback
                0x08003c5e        0x2 .pio/build/electrosmith_daisy/SrcWrapper/src/HAL/stm32yyxx_hal_i2c.c.o
                0x08003c5e                HAL_I2C_MasterTxCpltCallback
 .text.HAL_I2C_MasterRxCpltCallback
                0x08003c60        0x2 .pio/build/electrosmith_daisy/SrcWrapper/src/HAL/stm32yyxx_hal_i2c.c.o
                0x08003c60                HAL_I2C_MasterRxCpltCallback
 .text.I2C_ITMasterSeqCplt
                0x08003c62       0x44 .pio/build/electrosmith_daisy/SrcWrapper/src/HAL/stm32yyxx_hal_i2c.c.o
 .text.I2C_ITSlaveSeqCplt
                0x08003ca6       0x6c .pio/build/electrosmith_daisy/SrcWrapper/src/HAL/stm32yyxx_hal_i2c.c.o
 .text.I2C_ITAddrCplt.constprop.0
                0x08003d12       0x88 .pio/build/electrosmith_daisy/SrcWrapper/src/HAL/stm32yyxx_hal_i2c.c.o
 *fill*         0x08003d9a        0x2 
 .text.I2C_ITListenCplt
                0x08003d9c       0x60 .pio/build/electrosmith_daisy/SrcWrapper/src/HAL/stm32yyxx_hal_i2c.c.o
 .text.HAL_I2C_MemTxCpltCallback
                0x08003dfc        0x2 .pio/build/electrosmith_daisy/SrcWrapper/src/HAL/stm32yyxx_hal_i2c.c.o
                0x08003dfc                HAL_I2C_MemTxCpltCallback
 .text.HAL_I2C_MemRxCpltCallback
                0x08003dfe        0x2 .pio/build/electrosmith_daisy/SrcWrapper/src/HAL/stm32yyxx_hal_i2c.c.o
                0x08003dfe                HAL_I2C_MemRxCpltCallback
 .text.HAL_I2C_AbortCpltCallback
                0x08003e00        0x2 .pio/build/electrosmith_daisy/SrcWrapper/src/HAL/stm32yyxx_hal_i2c.c.o
                0x08003e00                HAL_I2C_AbortCpltCallback
 .text.I2C_TreatErrorCallback
                0x08003e02       0x2c .pio/build/electrosmith_daisy/SrcWrapper/src/HAL/stm32yyxx_hal_i2c.c.o
 *fill*         0x08003e2e        0x2 
 .text.I2C_ITError
                0x08003e30      0x108 .pio/build/electrosmith_daisy/SrcWrapper/src/HAL/stm32yyxx_hal_i2c.c.o
 .text.I2C_ITMasterCplt
                0x08003f38       0xee .pio/build/electrosmith_daisy/SrcWrapper/src/HAL/stm32yyxx_hal_i2c.c.o
 .text.I2C_Master_ISR_IT
                0x08004026      0x138 .pio/build/electrosmith_daisy/SrcWrapper/src/HAL/stm32yyxx_hal_i2c.c.o
 *fill*         0x0800415e        0x2 
 .text.I2C_Mem_ISR_DMA
                0x08004160      0x128 .pio/build/electrosmith_daisy/SrcWrapper/src/HAL/stm32yyxx_hal_i2c.c.o
 .text.I2C_Master_ISR_DMA
                0x08004288      0x104 .pio/build/electrosmith_daisy/SrcWrapper/src/HAL/stm32yyxx_hal_i2c.c.o
 .text.HAL_I2C_ER_IRQHandler
                0x0800438c       0x60 .pio/build/electrosmith_daisy/SrcWrapper/src/HAL/stm32yyxx_hal_i2c.c.o
                0x0800438c                HAL_I2C_ER_IRQHandler
 .text.I2C_ITSlaveCplt.constprop.0
                0x080043ec      0x204 .pio/build/electrosmith_daisy/SrcWrapper/src/HAL/stm32yyxx_hal_i2c.c.o
 .text.I2C_Slave_ISR_DMA
                0x080045f0      0x1a8 .pio/build/electrosmith_daisy/SrcWrapper/src/HAL/stm32yyxx_hal_i2c.c.o
 .text.I2C_Slave_ISR_IT
                0x08004798      0x112 .pio/build/electrosmith_daisy/SrcWrapper/src/HAL/stm32yyxx_hal_i2c.c.o
 .text.I2C_DMAAbort
                0x080048aa       0x16 .pio/build/electrosmith_daisy/SrcWrapper/src/HAL/stm32yyxx_hal_i2c.c.o
 .text.HAL_I2C_GetState
                0x080048c0        0x6 .pio/build/electrosmith_daisy/SrcWrapper/src/HAL/stm32yyxx_hal_i2c.c.o
                0x080048c0                HAL_I2C_GetState
 .text.HAL_I2C_GetError
                0x080048c6        0x4 .pio/build/electrosmith_daisy/SrcWrapper/src/HAL/stm32yyxx_hal_i2c.c.o
                0x080048c6                HAL_I2C_GetError
 .text.HAL_PCD_Init
                0x080048ca       0xda .pio/build/electrosmith_daisy/SrcWrapper/src/HAL/stm32yyxx_hal_pcd.c.o
                0x080048ca                HAL_PCD_Init
 .text.HAL_PCD_Start
                0x080049a4       0x3e .pio/build/electrosmith_daisy/SrcWrapper/src/HAL/stm32yyxx_hal_pcd.c.o
                0x080049a4                HAL_PCD_Start
 .text.HAL_PCD_SetAddress
                0x080049e2       0x26 .pio/build/electrosmith_daisy/SrcWrapper/src/HAL/stm32yyxx_hal_pcd.c.o
                0x080049e2                HAL_PCD_SetAddress
 .text.HAL_PCD_EP_Open
                0x08004a08       0x72 .pio/build/electrosmith_daisy/SrcWrapper/src/HAL/stm32yyxx_hal_pcd.c.o
                0x08004a08                HAL_PCD_EP_Open
 .text.HAL_PCD_EP_Close
                0x08004a7a       0x5c .pio/build/electrosmith_daisy/SrcWrapper/src/HAL/stm32yyxx_hal_pcd.c.o
                0x08004a7a                HAL_PCD_EP_Close
 .text.HAL_PCD_EP_Receive
                0x08004ad6       0x3c .pio/build/electrosmith_daisy/SrcWrapper/src/HAL/stm32yyxx_hal_pcd.c.o
                0x08004ad6                HAL_PCD_EP_Receive
 .text.HAL_PCD_EP_GetRxCount
                0x08004b12       0x10 .pio/build/electrosmith_daisy/SrcWrapper/src/HAL/stm32yyxx_hal_pcd.c.o
                0x08004b12                HAL_PCD_EP_GetRxCount
 .text.HAL_PCD_EP_Transmit
                0x08004b22       0x34 .pio/build/electrosmith_daisy/SrcWrapper/src/HAL/stm32yyxx_hal_pcd.c.o
                0x08004b22                HAL_PCD_EP_Transmit
 .text.HAL_PCD_EP_SetStall
                0x08004b56       0x6e .pio/build/electrosmith_daisy/SrcWrapper/src/HAL/stm32yyxx_hal_pcd.c.o
                0x08004b56                HAL_PCD_EP_SetStall
 .text.HAL_PCD_EP_ClrStall
                0x08004bc4       0x6a .pio/build/electrosmith_daisy/SrcWrapper/src/HAL/stm32yyxx_hal_pcd.c.o
                0x08004bc4                HAL_PCD_EP_ClrStall
 .text.HAL_PCD_EP_Abort
                0x08004c2e       0x20 .pio/build/electrosmith_daisy/SrcWrapper/src/HAL/stm32yyxx_hal_pcd.c.o
                0x08004c2e                HAL_PCD_EP_Abort
 *fill*         0x08004c4e        0x2 
 .text.HAL_PCD_IRQHandler
                0x08004c50      0x6cc .pio/build/electrosmith_daisy/SrcWrapper/src/HAL/stm32yyxx_hal_pcd.c.o
                0x08004c50                HAL_PCD_IRQHandler
 .text.HAL_PCDEx_SetTxFiFo
                0x0800531c       0x3e .pio/build/electrosmith_daisy/SrcWrapper/src/HAL/stm32yyxx_hal_pcd_ex.c.o
                0x0800531c                HAL_PCDEx_SetTxFiFo
 .text.HAL_PCDEx_SetRxFiFo
                0x0800535a        0x8 .pio/build/electrosmith_daisy/SrcWrapper/src/HAL/stm32yyxx_hal_pcd_ex.c.o
                0x0800535a                HAL_PCDEx_SetRxFiFo
 .text.HAL_PCDEx_ActivateLPM
                0x08005362       0x26 .pio/build/electrosmith_daisy/SrcWrapper/src/HAL/stm32yyxx_hal_pcd_ex.c.o
                0x08005362                HAL_PCDEx_ActivateLPM
 .text.HAL_PCDEx_LPM_Callback
                0x08005388        0x2 .pio/build/electrosmith_daisy/SrcWrapper/src/HAL/stm32yyxx_hal_pcd_ex.c.o
                0x08005388                HAL_PCDEx_LPM_Callback
 *fill*         0x0800538a        0x2 
 .text.HAL_PWREx_ConfigSupply
                0x0800538c       0x48 .pio/build/electrosmith_daisy/SrcWrapper/src/HAL/stm32yyxx_hal_pwr_ex.c.o
                0x0800538c                HAL_PWREx_ConfigSupply
 .text.HAL_PWREx_EnableUSBVoltageDetector
                0x080053d4       0x10 .pio/build/electrosmith_daisy/SrcWrapper/src/HAL/stm32yyxx_hal_pwr_ex.c.o
                0x080053d4                HAL_PWREx_EnableUSBVoltageDetector
 .text.HAL_RCC_OscConfig
                0x080053e4      0x558 .pio/build/electrosmith_daisy/SrcWrapper/src/HAL/stm32yyxx_hal_rcc.c.o
                0x080053e4                HAL_RCC_OscConfig
 .text.HAL_RCC_GetSysClockFreq
                0x0800593c      0x144 .pio/build/electrosmith_daisy/SrcWrapper/src/HAL/stm32yyxx_hal_rcc.c.o
                0x0800593c                HAL_RCC_GetSysClockFreq
 .text.HAL_RCC_ClockConfig
                0x08005a80      0x24c .pio/build/electrosmith_daisy/SrcWrapper/src/HAL/stm32yyxx_hal_rcc.c.o
                0x08005a80                HAL_RCC_ClockConfig
 .text.HAL_RCC_GetHCLKFreq
                0x08005ccc       0x44 .pio/build/electrosmith_daisy/SrcWrapper/src/HAL/stm32yyxx_hal_rcc.c.o
                0x08005ccc                HAL_RCC_GetHCLKFreq
 .text.HAL_RCC_GetPCLK1Freq
                0x08005d10       0x24 .pio/build/electrosmith_daisy/SrcWrapper/src/HAL/stm32yyxx_hal_rcc.c.o
                0x08005d10                HAL_RCC_GetPCLK1Freq
 .text.RCCEx_PLL2_Config
                0x08005d34       0xf0 .pio/build/electrosmith_daisy/SrcWrapper/src/HAL/stm32yyxx_hal_rcc_ex.c.o
 .text.RCCEx_PLL3_Config
                0x08005e24       0xf0 .pio/build/electrosmith_daisy/SrcWrapper/src/HAL/stm32yyxx_hal_rcc_ex.c.o
 .text.HAL_RCCEx_PeriphCLKConfig
                0x08005f14      0x9d4 .pio/build/electrosmith_daisy/SrcWrapper/src/HAL/stm32yyxx_hal_rcc_ex.c.o
                0x08005f14                HAL_RCCEx_PeriphCLKConfig
 .text.HAL_RCCEx_GetD3PCLK1Freq
                0x080068e8       0x24 .pio/build/electrosmith_daisy/SrcWrapper/src/HAL/stm32yyxx_hal_rcc_ex.c.o
                0x080068e8                HAL_RCCEx_GetD3PCLK1Freq
 .text.HAL_RCCEx_GetPLL2ClockFreq
                0x0800690c      0x154 .pio/build/electrosmith_daisy/SrcWrapper/src/HAL/stm32yyxx_hal_rcc_ex.c.o
                0x0800690c                HAL_RCCEx_GetPLL2ClockFreq
 .text.HAL_RCCEx_GetPLL3ClockFreq
                0x08006a60      0x154 .pio/build/electrosmith_daisy/SrcWrapper/src/HAL/stm32yyxx_hal_rcc_ex.c.o
                0x08006a60                HAL_RCCEx_GetPLL3ClockFreq
 .text.HAL_RCCEx_GetPLL1ClockFreq
                0x08006bb4      0x154 .pio/build/electrosmith_daisy/SrcWrapper/src/HAL/stm32yyxx_hal_rcc_ex.c.o
                0x08006bb4                HAL_RCCEx_GetPLL1ClockFreq
 .text.HAL_RCCEx_GetPeriphCLKFreq
                0x08006d08      0x2f8 .pio/build/electrosmith_daisy/SrcWrapper/src/HAL/stm32yyxx_hal_rcc_ex.c.o
                0x08006d08                HAL_RCCEx_GetPeriphCLKFreq
 .text.SAI_Disable
                0x08007000       0x40 .pio/build/electrosmith_daisy/SrcWrapper/src/HAL/stm32yyxx_hal_sai.c.o
 .text.HAL_SAI_Init
                0x08007040      0x378 .pio/build/electrosmith_daisy/SrcWrapper/src/HAL/stm32yyxx_hal_sai.c.o
                0x08007040                HAL_SAI_Init
 .text.HAL_SAI_InitProtocol
                0x080073b8      0x15c .pio/build/electrosmith_daisy/SrcWrapper/src/HAL/stm32yyxx_hal_sai.c.o
                0x080073b8                HAL_SAI_InitProtocol
 .text.HAL_SDRAM_Init
                0x08007514       0x50 .pio/build/electrosmith_daisy/SrcWrapper/src/HAL/stm32yyxx_hal_sdram.c.o
                0x08007514                HAL_SDRAM_Init
 .text.HAL_SDRAM_SendCommand
                0x08007564       0x3e .pio/build/electrosmith_daisy/SrcWrapper/src/HAL/stm32yyxx_hal_sdram.c.o
                0x08007564                HAL_SDRAM_SendCommand
 .text.HAL_SDRAM_ProgramRefreshRate
                0x080075a2       0x30 .pio/build/electrosmith_daisy/SrcWrapper/src/HAL/stm32yyxx_hal_sdram.c.o
                0x080075a2                HAL_SDRAM_ProgramRefreshRate
 .text.HAL_TIM_PWM_PulseFinishedCallback
                0x080075d2        0x2 .pio/build/electrosmith_daisy/SrcWrapper/src/HAL/stm32yyxx_hal_tim.c.o
                0x080075d2                HAL_TIM_PWM_PulseFinishedCallback
 .text.HAL_TIM_TriggerCallback
                0x080075d4        0x2 .pio/build/electrosmith_daisy/SrcWrapper/src/HAL/stm32yyxx_hal_tim.c.o
                0x080075d4                HAL_TIM_TriggerCallback
 .text.HAL_TIM_IRQHandler
                0x080075d6      0x140 .pio/build/electrosmith_daisy/SrcWrapper/src/HAL/stm32yyxx_hal_tim.c.o
                0x080075d6                HAL_TIM_IRQHandler
 *fill*         0x08007716        0x2 
 .text.TIM_Base_SetConfig
                0x08007718       0xac .pio/build/electrosmith_daisy/SrcWrapper/src/HAL/stm32yyxx_hal_tim.c.o
                0x08007718                TIM_Base_SetConfig
 .text.HAL_TIM_Base_Init
                0x080077c4       0x60 .pio/build/electrosmith_daisy/SrcWrapper/src/HAL/stm32yyxx_hal_tim.c.o
                0x080077c4                HAL_TIM_Base_Init
 .text.HAL_TIMEx_CommutCallback
                0x08007824        0x2 .pio/build/electrosmith_daisy/SrcWrapper/src/HAL/stm32yyxx_hal_tim_ex.c.o
                0x08007824                HAL_TIMEx_CommutCallback
 .text.HAL_TIMEx_BreakCallback
                0x08007826        0x2 .pio/build/electrosmith_daisy/SrcWrapper/src/HAL/stm32yyxx_hal_tim_ex.c.o
                0x08007826                HAL_TIMEx_BreakCallback
 .text.HAL_TIMEx_Break2Callback
                0x08007828        0x2 .pio/build/electrosmith_daisy/SrcWrapper/src/HAL/stm32yyxx_hal_tim_ex.c.o
                0x08007828                HAL_TIMEx_Break2Callback
 *fill*         0x0800782a        0x2 
 .text.UART_EndRxTransfer
                0x0800782c       0x58 .pio/build/electrosmith_daisy/SrcWrapper/src/HAL/stm32yyxx_hal_uart.c.o
 .text.UART_TxISR_8BIT.part.0
                0x08007884       0x26 .pio/build/electrosmith_daisy/SrcWrapper/src/HAL/stm32yyxx_hal_uart.c.o
 .text.UART_TxISR_8BIT
                0x080078aa       0x30 .pio/build/electrosmith_daisy/SrcWrapper/src/HAL/stm32yyxx_hal_uart.c.o
 .text.UART_TxISR_16BIT
                0x080078da       0x34 .pio/build/electrosmith_daisy/SrcWrapper/src/HAL/stm32yyxx_hal_uart.c.o
 .text.UART_TxISR_8BIT_FIFOEN
                0x0800790e       0x66 .pio/build/electrosmith_daisy/SrcWrapper/src/HAL/stm32yyxx_hal_uart.c.o
 .text.UART_TxISR_16BIT_FIFOEN
                0x08007974       0x6a .pio/build/electrosmith_daisy/SrcWrapper/src/HAL/stm32yyxx_hal_uart.c.o
 *fill*         0x080079de        0x2 
 .text.HAL_UART_Transmit_IT
                0x080079e0       0xac .pio/build/electrosmith_daisy/SrcWrapper/src/HAL/stm32yyxx_hal_uart.c.o
                0x080079e0                HAL_UART_Transmit_IT
 .text.UART_DMAAbortOnError
                0x08007a8c       0x10 .pio/build/electrosmith_daisy/SrcWrapper/src/HAL/stm32yyxx_hal_uart.c.o
 .text.HAL_UARTEx_RxEventCallback
                0x08007a9c        0x2 .pio/build/electrosmith_daisy/SrcWrapper/src/HAL/stm32yyxx_hal_uart.c.o
                0x08007a9c                HAL_UARTEx_RxEventCallback
 *fill*         0x08007a9e        0x2 
 .text.HAL_UART_IRQHandler
                0x08007aa0      0x354 .pio/build/electrosmith_daisy/SrcWrapper/src/HAL/stm32yyxx_hal_uart.c.o
                0x08007aa0                HAL_UART_IRQHandler
 .text.UART_RxISR_8BIT
                0x08007df4       0xcc .pio/build/electrosmith_daisy/SrcWrapper/src/HAL/stm32yyxx_hal_uart.c.o
 .text.UART_RxISR_16BIT
                0x08007ec0       0xc4 .pio/build/electrosmith_daisy/SrcWrapper/src/HAL/stm32yyxx_hal_uart.c.o
 .text.UART_RxISR_8BIT_FIFOEN
                0x08007f84      0x1a0 .pio/build/electrosmith_daisy/SrcWrapper/src/HAL/stm32yyxx_hal_uart.c.o
 .text.UART_RxISR_16BIT_FIFOEN
                0x08008124      0x198 .pio/build/electrosmith_daisy/SrcWrapper/src/HAL/stm32yyxx_hal_uart.c.o
 .text.HAL_HalfDuplex_EnableTransmitter
                0x080082bc       0x4c .pio/build/electrosmith_daisy/SrcWrapper/src/HAL/stm32yyxx_hal_uart.c.o
                0x080082bc                HAL_HalfDuplex_EnableTransmitter
 .text.HAL_HalfDuplex_EnableReceiver
                0x08008308       0x4c .pio/build/electrosmith_daisy/SrcWrapper/src/HAL/stm32yyxx_hal_uart.c.o
                0x08008308                HAL_HalfDuplex_EnableReceiver
 .text.HAL_UART_GetState
                0x08008354        0xc .pio/build/electrosmith_daisy/SrcWrapper/src/HAL/stm32yyxx_hal_uart.c.o
                0x08008354                HAL_UART_GetState
 .text.UART_Start_Receive_IT
                0x08008360      0x114 .pio/build/electrosmith_daisy/SrcWrapper/src/HAL/stm32yyxx_hal_uart.c.o
                0x08008360                UART_Start_Receive_IT
 .text.HAL_UART_Receive_IT
                0x08008474       0x44 .pio/build/electrosmith_daisy/SrcWrapper/src/HAL/stm32yyxx_hal_uart.c.o
                0x08008474                HAL_UART_Receive_IT
 .text.HAL_UARTEx_RxFifoFullCallback
                0x080084b8        0x2 .pio/build/electrosmith_daisy/SrcWrapper/src/HAL/stm32yyxx_hal_uart_ex.c.o
                0x080084b8                HAL_UARTEx_RxFifoFullCallback
 .text.HAL_UARTEx_TxFifoEmptyCallback
                0x080084ba        0x2 .pio/build/electrosmith_daisy/SrcWrapper/src/HAL/stm32yyxx_hal_uart_ex.c.o
                0x080084ba                HAL_UARTEx_TxFifoEmptyCallback
 .text._ZNSt8functionIFvvEEaSEDn.isra.0
                0x080084bc       0x16 .pio/build/electrosmith_daisy/SrcWrapper/src/HardwareTimer.cpp.o
 .text._ZNSt14_Function_baseD2Ev
                0x080084d2       0x12 .pio/build/electrosmith_daisy/SrcWrapper/src/HardwareTimer.cpp.o
                0x080084d2                std::_Function_base::~_Function_base()
                0x080084d2                std::_Function_base::~_Function_base()
 .text._Z15get_timer_indexP11TIM_TypeDef
                0x080084e4       0xbc .pio/build/electrosmith_daisy/SrcWrapper/src/HardwareTimer.cpp.o
                0x080084e4                get_timer_index(TIM_TypeDef*)
 .text._ZN13HardwareTimerD2Ev
                0x080085a0       0x40 .pio/build/electrosmith_daisy/SrcWrapper/src/HardwareTimer.cpp.o
                0x080085a0                HardwareTimer::~HardwareTimer()
                0x080085a0                HardwareTimer::~HardwareTimer()
 .text._ZN13HardwareTimer5setupEP11TIM_TypeDef
                0x080085e0       0x98 .pio/build/electrosmith_daisy/SrcWrapper/src/HardwareTimer.cpp.o
                0x080085e0                HardwareTimer::setup(TIM_TypeDef*)
 .text.TIM1_UP_IRQHandler
                0x08008678       0x14 .pio/build/electrosmith_daisy/SrcWrapper/src/HardwareTimer.cpp.o
                0x08008678                TIM1_UP_IRQHandler
 .text.TIM1_CC_IRQHandler
                0x0800868c        0x4 .pio/build/electrosmith_daisy/SrcWrapper/src/HardwareTimer.cpp.o
                0x0800868c                TIM1_CC_IRQHandler
 .text.TIM2_IRQHandler
                0x08008690       0x14 .pio/build/electrosmith_daisy/SrcWrapper/src/HardwareTimer.cpp.o
                0x08008690                TIM2_IRQHandler
 .text.TIM3_IRQHandler
                0x080086a4       0x14 .pio/build/electrosmith_daisy/SrcWrapper/src/HardwareTimer.cpp.o
                0x080086a4                TIM3_IRQHandler
 .text.TIM4_IRQHandler
                0x080086b8       0x14 .pio/build/electrosmith_daisy/SrcWrapper/src/HardwareTimer.cpp.o
                0x080086b8                TIM4_IRQHandler
 .text.TIM5_IRQHandler
                0x080086cc       0x14 .pio/build/electrosmith_daisy/SrcWrapper/src/HardwareTimer.cpp.o
                0x080086cc                TIM5_IRQHandler
 .text.TIM6_DAC_IRQHandler
                0x080086e0       0x14 .pio/build/electrosmith_daisy/SrcWrapper/src/HardwareTimer.cpp.o
                0x080086e0                TIM6_DAC_IRQHandler
 .text.TIM7_IRQHandler
                0x080086f4       0x14 .pio/build/electrosmith_daisy/SrcWrapper/src/HardwareTimer.cpp.o
                0x080086f4                TIM7_IRQHandler
 .text.TIM8_UP_TIM13_IRQHandler
                0x08008708       0x24 .pio/build/electrosmith_daisy/SrcWrapper/src/HardwareTimer.cpp.o
                0x08008708                TIM8_UP_TIM13_IRQHandler
 .text.TIM8_CC_IRQHandler
                0x0800872c       0x14 .pio/build/electrosmith_daisy/SrcWrapper/src/HardwareTimer.cpp.o
                0x0800872c                TIM8_CC_IRQHandler
 .text.TIM8_BRK_TIM12_IRQHandler
                0x08008740       0x14 .pio/build/electrosmith_daisy/SrcWrapper/src/HardwareTimer.cpp.o
                0x08008740                TIM8_BRK_TIM12_IRQHandler
 .text.TIM8_TRG_COM_TIM14_IRQHandler
                0x08008754       0x14 .pio/build/electrosmith_daisy/SrcWrapper/src/HardwareTimer.cpp.o
                0x08008754                TIM8_TRG_COM_TIM14_IRQHandler
 .text.TIM15_IRQHandler
                0x08008768       0x14 .pio/build/electrosmith_daisy/SrcWrapper/src/HardwareTimer.cpp.o
                0x08008768                TIM15_IRQHandler
 .text.TIM16_IRQHandler
                0x0800877c       0x14 .pio/build/electrosmith_daisy/SrcWrapper/src/HardwareTimer.cpp.o
                0x0800877c                TIM16_IRQHandler
 .text.TIM17_IRQHandler
                0x08008790       0x14 .pio/build/electrosmith_daisy/SrcWrapper/src/HardwareTimer.cpp.o
                0x08008790                TIM17_IRQHandler
 .text._ZNSt8functionIFvvEEC2Ev
                0x080087a4        0xc .pio/build/electrosmith_daisy/SrcWrapper/src/HardwareTimer.cpp.o
                0x080087a4                std::function<void ()>::function()
                0x080087a4                std::function<void ()>::function()
 .text._ZN13HardwareTimerC2EP11TIM_TypeDef
                0x080087b0       0x2a .pio/build/electrosmith_daisy/SrcWrapper/src/HardwareTimer.cpp.o
                0x080087b0                HardwareTimer::HardwareTimer(TIM_TypeDef*)
                0x080087b0                HardwareTimer::HardwareTimer(TIM_TypeDef*)
 .text._ZNKSt8functionIFvvEEclEv
                0x080087da       0x12 .pio/build/electrosmith_daisy/SrcWrapper/src/HardwareTimer.cpp.o
                0x080087da                std::function<void ()>::operator()() const
 .text._ZN13HardwareTimer14updateCallbackEP17TIM_HandleTypeDef
                0x080087ec       0x18 .pio/build/electrosmith_daisy/SrcWrapper/src/HardwareTimer.cpp.o
                0x080087ec                HardwareTimer::updateCallback(TIM_HandleTypeDef*)
 .text.HAL_TIM_PeriodElapsedCallback
                0x08008804        0x4 .pio/build/electrosmith_daisy/SrcWrapper/src/HardwareTimer.cpp.o
                0x08008804                HAL_TIM_PeriodElapsedCallback
 .text._ZN13HardwareTimer22captureCompareCallbackEP17TIM_HandleTypeDef
                0x08008808       0x3e .pio/build/electrosmith_daisy/SrcWrapper/src/HardwareTimer.cpp.o
                0x08008808                HardwareTimer::captureCompareCallback(TIM_HandleTypeDef*)
 .text.HAL_TIM_OC_DelayElapsedCallback
                0x08008846        0x4 .pio/build/electrosmith_daisy/SrcWrapper/src/HardwareTimer.cpp.o
                0x08008846                HAL_TIM_OC_DelayElapsedCallback
 .text.HAL_TIM_IC_CaptureCallback
                0x0800884a        0x4 .pio/build/electrosmith_daisy/SrcWrapper/src/HardwareTimer.cpp.o
                0x0800884a                HAL_TIM_IC_CaptureCallback
 .text.FMC_SDRAM_Init
                0x0800884e       0x70 .pio/build/electrosmith_daisy/SrcWrapper/src/LL/stm32yyxx_ll_fmc.c.o
                0x0800884e                FMC_SDRAM_Init
 .text.FMC_SDRAM_Timing_Init
                0x080088be       0x6c .pio/build/electrosmith_daisy/SrcWrapper/src/LL/stm32yyxx_ll_fmc.c.o
                0x080088be                FMC_SDRAM_Timing_Init
 .text.FMC_SDRAM_SendCommand
                0x0800892a       0x24 .pio/build/electrosmith_daisy/SrcWrapper/src/LL/stm32yyxx_ll_fmc.c.o
                0x0800892a                FMC_SDRAM_SendCommand
 .text.FMC_SDRAM_ProgramRefreshRate
                0x0800894e       0x14 .pio/build/electrosmith_daisy/SrcWrapper/src/LL/stm32yyxx_ll_fmc.c.o
                0x0800894e                FMC_SDRAM_ProgramRefreshRate
 .text.USB_CoreReset
                0x08008962       0x46 .pio/build/electrosmith_daisy/SrcWrapper/src/LL/stm32yyxx_ll_usb.c.o
 .text.USB_CoreInit
                0x080089a8       0x9c .pio/build/electrosmith_daisy/SrcWrapper/src/LL/stm32yyxx_ll_usb.c.o
                0x080089a8                USB_CoreInit
 .text.USB_SetTurnaroundTime
                0x08008a44       0xe0 .pio/build/electrosmith_daisy/SrcWrapper/src/LL/stm32yyxx_ll_usb.c.o
                0x08008a44                USB_SetTurnaroundTime
 .text.USB_EnableGlobalInt
                0x08008b24        0xc .pio/build/electrosmith_daisy/SrcWrapper/src/LL/stm32yyxx_ll_usb.c.o
                0x08008b24                USB_EnableGlobalInt
 .text.USB_DisableGlobalInt
                0x08008b30        0xc .pio/build/electrosmith_daisy/SrcWrapper/src/LL/stm32yyxx_ll_usb.c.o
                0x08008b30                USB_DisableGlobalInt
 .text.USB_SetCurrentMode
                0x08008b3c       0x5c .pio/build/electrosmith_daisy/SrcWrapper/src/LL/stm32yyxx_ll_usb.c.o
                0x08008b3c                USB_SetCurrentMode
 .text.USB_FlushTxFifo
                0x08008b98       0x46 .pio/build/electrosmith_daisy/SrcWrapper/src/LL/stm32yyxx_ll_usb.c.o
                0x08008b98                USB_FlushTxFifo
 .text.USB_FlushRxFifo
                0x08008bde       0x42 .pio/build/electrosmith_daisy/SrcWrapper/src/LL/stm32yyxx_ll_usb.c.o
                0x08008bde                USB_FlushRxFifo
 .text.USB_SetDevSpeed
                0x08008c20        0xe .pio/build/electrosmith_daisy/SrcWrapper/src/LL/stm32yyxx_ll_usb.c.o
                0x08008c20                USB_SetDevSpeed
 *fill*         0x08008c2e        0x2 
 .text.USB_DevInit
                0x08008c30      0x180 .pio/build/electrosmith_daisy/SrcWrapper/src/LL/stm32yyxx_ll_usb.c.o
                0x08008c30                USB_DevInit
 .text.USB_GetDevSpeed
                0x08008db0       0x16 .pio/build/electrosmith_daisy/SrcWrapper/src/LL/stm32yyxx_ll_usb.c.o
                0x08008db0                USB_GetDevSpeed
 .text.USB_ActivateEndpoint
                0x08008dc6       0x7e .pio/build/electrosmith_daisy/SrcWrapper/src/LL/stm32yyxx_ll_usb.c.o
                0x08008dc6                USB_ActivateEndpoint
 .text.USB_DeactivateEndpoint
                0x08008e44       0xac .pio/build/electrosmith_daisy/SrcWrapper/src/LL/stm32yyxx_ll_usb.c.o
                0x08008e44                USB_DeactivateEndpoint
 .text.USB_EPStopXfer
                0x08008ef0       0x84 .pio/build/electrosmith_daisy/SrcWrapper/src/LL/stm32yyxx_ll_usb.c.o
                0x08008ef0                USB_EPStopXfer
 .text.USB_WritePacket
                0x08008f74       0x26 .pio/build/electrosmith_daisy/SrcWrapper/src/LL/stm32yyxx_ll_usb.c.o
                0x08008f74                USB_WritePacket
 *fill*         0x08008f9a        0x2 
 .text.USB_EPStartXfer
                0x08008f9c      0x204 .pio/build/electrosmith_daisy/SrcWrapper/src/LL/stm32yyxx_ll_usb.c.o
                0x08008f9c                USB_EPStartXfer
 .text.USB_ReadPacket
                0x080091a0       0x40 .pio/build/electrosmith_daisy/SrcWrapper/src/LL/stm32yyxx_ll_usb.c.o
                0x080091a0                USB_ReadPacket
 .text.USB_EPSetStall
                0x080091e0       0x56 .pio/build/electrosmith_daisy/SrcWrapper/src/LL/stm32yyxx_ll_usb.c.o
                0x080091e0                USB_EPSetStall
 .text.USB_EPClearStall
                0x08009236       0x52 .pio/build/electrosmith_daisy/SrcWrapper/src/LL/stm32yyxx_ll_usb.c.o
                0x08009236                USB_EPClearStall
 .text.USB_SetDevAddress
                0x08009288       0x20 .pio/build/electrosmith_daisy/SrcWrapper/src/LL/stm32yyxx_ll_usb.c.o
                0x08009288                USB_SetDevAddress
 .text.USB_DevConnect
                0x080092a8       0x1c .pio/build/electrosmith_daisy/SrcWrapper/src/LL/stm32yyxx_ll_usb.c.o
                0x080092a8                USB_DevConnect
 .text.USB_DevDisconnect
                0x080092c4       0x1c .pio/build/electrosmith_daisy/SrcWrapper/src/LL/stm32yyxx_ll_usb.c.o
                0x080092c4                USB_DevDisconnect
 .text.USB_ReadInterrupts
                0x080092e0        0x8 .pio/build/electrosmith_daisy/SrcWrapper/src/LL/stm32yyxx_ll_usb.c.o
                0x080092e0                USB_ReadInterrupts
 .text.USB_ReadDevAllOutEpInterrupt
                0x080092e8       0x10 .pio/build/electrosmith_daisy/SrcWrapper/src/LL/stm32yyxx_ll_usb.c.o
                0x080092e8                USB_ReadDevAllOutEpInterrupt
 .text.USB_ReadDevAllInEpInterrupt
                0x080092f8       0x10 .pio/build/electrosmith_daisy/SrcWrapper/src/LL/stm32yyxx_ll_usb.c.o
                0x080092f8                USB_ReadDevAllInEpInterrupt
 .text.USB_ReadDevOutEPInterrupt
                0x08009308       0x12 .pio/build/electrosmith_daisy/SrcWrapper/src/LL/stm32yyxx_ll_usb.c.o
                0x08009308                USB_ReadDevOutEPInterrupt
 .text.USB_ReadDevInEPInterrupt
                0x0800931a       0x22 .pio/build/electrosmith_daisy/SrcWrapper/src/LL/stm32yyxx_ll_usb.c.o
                0x0800931a                USB_ReadDevInEPInterrupt
 .text.USB_GetMode
                0x0800933c        0x8 .pio/build/electrosmith_daisy/SrcWrapper/src/LL/stm32yyxx_ll_usb.c.o
                0x0800933c                USB_GetMode
 .text.USB_ActivateSetup
                0x08009344       0x20 .pio/build/electrosmith_daisy/SrcWrapper/src/LL/stm32yyxx_ll_usb.c.o
                0x08009344                USB_ActivateSetup
 .text.USB_EP0_OutStart
                0x08009364       0x4c .pio/build/electrosmith_daisy/SrcWrapper/src/LL/stm32yyxx_ll_usb.c.o
                0x08009364                USB_EP0_OutStart
 .text._Znwj    0x080093b0        0x4 .pio/build/electrosmith_daisy/SrcWrapper/src/new.cpp.o
                0x080093b0                operator new(unsigned int)
 .text._ZdlPvj  0x080093b4        0x4 .pio/build/electrosmith_daisy/SrcWrapper/src/new.cpp.o
                0x080093b4                operator delete(void*, unsigned int)
 .text.set_GPIO_Port_Clock
                0x080093b8      0x198 .pio/build/electrosmith_daisy/SrcWrapper/src/stm32/PortNames.c.o
                0x080093b8                set_GPIO_Port_Clock
 .text.get_dac_channel
                0x08009550       0x24 .pio/build/electrosmith_daisy/SrcWrapper/src/stm32/analog.cpp.o
                0x08009550                get_dac_channel
 .text.HAL_DAC_MspDeInit
                0x08009574       0x48 .pio/build/electrosmith_daisy/SrcWrapper/src/stm32/analog.cpp.o
                0x08009574                HAL_DAC_MspDeInit
 .text.dac_stop
                0x080095bc       0x34 .pio/build/electrosmith_daisy/SrcWrapper/src/stm32/analog.cpp.o
                0x080095bc                dac_stop
 .text.pwm_stop
                0x080095f0       0x5c .pio/build/electrosmith_daisy/SrcWrapper/src/stm32/analog.cpp.o
                0x080095f0                pwm_stop
 .text.getCurrentMillis
                0x0800964c        0x4 .pio/build/electrosmith_daisy/SrcWrapper/src/stm32/clock.c.o
                0x0800964c                getCurrentMillis
 .text.noOsSystickHandler
                0x08009650        0x2 .pio/build/electrosmith_daisy/SrcWrapper/src/stm32/clock.c.o
                0x08009650                noOsSystickHandler
                0x08009650                osSystickHandler
 .text.SysTick_Handler
                0x08009652       0x10 .pio/build/electrosmith_daisy/SrcWrapper/src/stm32/clock.c.o
                0x08009652                SysTick_Handler
 .text.configHSECapacitorTuning
                0x08009662        0x2 .pio/build/electrosmith_daisy/SrcWrapper/src/stm32/clock.c.o
                0x08009662                configHSECapacitorTuning
 .text.configIPClock
                0x08009664       0x54 .pio/build/electrosmith_daisy/SrcWrapper/src/stm32/clock.c.o
                0x08009664                configIPClock
 .text.dwt_access
                0x080096b8       0x28 .pio/build/electrosmith_daisy/SrcWrapper/src/stm32/dwt.c.o
                0x080096b8                dwt_access
 .text.dwt_init
                0x080096e0       0x44 .pio/build/electrosmith_daisy/SrcWrapper/src/stm32/dwt.c.o
                0x080096e0                dwt_init
 .text.hw_config_init
                0x08009724       0x28 .pio/build/electrosmith_daisy/SrcWrapper/src/stm32/hw_config.c.o
                0x08009724                hw_config_init
 .text.startup._ZNSt8functionIFvvEEC2EDn.constprop.0.isra.0
                0x0800974c        0xc .pio/build/electrosmith_daisy/SrcWrapper/src/stm32/interrupt.cpp.o
 .text.HAL_GPIO_EXTI_Callback
                0x08009758       0x2c .pio/build/electrosmith_daisy/SrcWrapper/src/stm32/interrupt.cpp.o
                0x08009758                HAL_GPIO_EXTI_Callback
 .text.EXTI0_IRQHandler
                0x08009784        0x6 .pio/build/electrosmith_daisy/SrcWrapper/src/stm32/interrupt.cpp.o
                0x08009784                EXTI0_IRQHandler
 .text.EXTI1_IRQHandler
                0x0800978a        0x6 .pio/build/electrosmith_daisy/SrcWrapper/src/stm32/interrupt.cpp.o
                0x0800978a                EXTI1_IRQHandler
 .text.EXTI2_IRQHandler
                0x08009790        0x6 .pio/build/electrosmith_daisy/SrcWrapper/src/stm32/interrupt.cpp.o
                0x08009790                EXTI2_IRQHandler
 .text.EXTI3_IRQHandler
                0x08009796        0x6 .pio/build/electrosmith_daisy/SrcWrapper/src/stm32/interrupt.cpp.o
                0x08009796                EXTI3_IRQHandler
 .text.EXTI4_IRQHandler
                0x0800979c        0x6 .pio/build/electrosmith_daisy/SrcWrapper/src/stm32/interrupt.cpp.o
                0x0800979c                EXTI4_IRQHandler
 .text.EXTI9_5_IRQHandler
                0x080097a2       0x16 .pio/build/electrosmith_daisy/SrcWrapper/src/stm32/interrupt.cpp.o
                0x080097a2                EXTI9_5_IRQHandler
 .text.EXTI15_10_IRQHandler
                0x080097b8       0x18 .pio/build/electrosmith_daisy/SrcWrapper/src/stm32/interrupt.cpp.o
                0x080097b8                EXTI15_10_IRQHandler
 .text.startup._GLOBAL__sub_I__Z22stm32_interrupt_enableP12GPIO_TypeDeftSt8functionIFvvEEm
                0x080097d0       0xd4 .pio/build/electrosmith_daisy/SrcWrapper/src/stm32/interrupt.cpp.o
 .text.exit._GLOBAL__sub_D__Z22stm32_interrupt_enableP12GPIO_TypeDeftSt8functionIFvvEEm
                0x080098a4       0x1c .pio/build/electrosmith_daisy/SrcWrapper/src/stm32/interrupt.cpp.o
 .text.configure_dualpad_switch
                0x080098c0       0x24 .pio/build/electrosmith_daisy/SrcWrapper/src/stm32/pinmap.c.o
 .text.pin_in_pinmap
                0x080098e4       0x1e .pio/build/electrosmith_daisy/SrcWrapper/src/stm32/pinmap.c.o
                0x080098e4                pin_in_pinmap
 *fill*         0x08009902        0x2 
 .text.pin_function
                0x08009904      0x120 .pio/build/electrosmith_daisy/SrcWrapper/src/stm32/pinmap.c.o
                0x08009904                pin_function
 .text.pinmap_pinout
                0x08009a24       0x1a .pio/build/electrosmith_daisy/SrcWrapper/src/stm32/pinmap.c.o
                0x08009a24                pinmap_pinout
 .text.pinmap_find_peripheral
                0x08009a3e       0x16 .pio/build/electrosmith_daisy/SrcWrapper/src/stm32/pinmap.c.o
                0x08009a3e                pinmap_find_peripheral
 .text.pinmap_peripheral
                0x08009a54        0xc .pio/build/electrosmith_daisy/SrcWrapper/src/stm32/pinmap.c.o
                0x08009a54                pinmap_peripheral
 .text.pinmap_find_pin
                0x08009a60       0x16 .pio/build/electrosmith_daisy/SrcWrapper/src/stm32/pinmap.c.o
                0x08009a60                pinmap_find_pin
 .text.pinmap_pin
                0x08009a76        0xc .pio/build/electrosmith_daisy/SrcWrapper/src/stm32/pinmap.c.o
                0x08009a76                pinmap_pin
 .text.pinmap_find_function
                0x08009a82       0x16 .pio/build/electrosmith_daisy/SrcWrapper/src/stm32/pinmap.c.o
                0x08009a82                pinmap_find_function
 .text.pinmap_function
                0x08009a98        0xa .pio/build/electrosmith_daisy/SrcWrapper/src/stm32/pinmap.c.o
                0x08009a98                pinmap_function
 .text.pinmap_merge_peripheral
                0x08009aa2       0x14 .pio/build/electrosmith_daisy/SrcWrapper/src/stm32/pinmap.c.o
                0x08009aa2                pinmap_merge_peripheral
 *fill*         0x08009ab6        0x2 
 .text.SystemInit
                0x08009ab8       0xf0 .pio/build/electrosmith_daisy/SrcWrapper/src/stm32/system_stm32yyxx.c.o
                0x08009ab8                SystemInit
 .text.ExitRun0Mode
                0x08009ba8       0x18 .pio/build/electrosmith_daisy/SrcWrapper/src/stm32/system_stm32yyxx.c.o
                0x08009ba8                ExitRun0Mode
 .text.get_timer_obj
                0x08009bc0        0x4 .pio/build/electrosmith_daisy/SrcWrapper/src/stm32/timer.c.o
                0x08009bc0                get_timer_obj
 .text.enableTimerClock
                0x08009bc4      0x21c .pio/build/electrosmith_daisy/SrcWrapper/src/stm32/timer.c.o
                0x08009bc4                enableTimerClock
 .text.disableTimerClock
                0x08009de0      0x13c .pio/build/electrosmith_daisy/SrcWrapper/src/stm32/timer.c.o
                0x08009de0                disableTimerClock
 .text.getTimerUpIrq
                0x08009f1c       0xc0 .pio/build/electrosmith_daisy/SrcWrapper/src/stm32/timer.c.o
                0x08009f1c                getTimerUpIrq
 .text.getTimerCCIrq
                0x08009fdc       0xc4 .pio/build/electrosmith_daisy/SrcWrapper/src/stm32/timer.c.o
                0x08009fdc                getTimerCCIrq
 .text.HAL_TIM_Base_MspInit
                0x0800a0a0       0x4e .pio/build/electrosmith_daisy/SrcWrapper/src/stm32/timer.c.o
                0x0800a0a0                HAL_TIM_Base_MspInit
 *fill*         0x0800a0ee        0x2 
 .text.serial_rx_active
                0x0800a0f0       0x24 .pio/build/electrosmith_daisy/SrcWrapper/src/stm32/uart.c.o
                0x0800a0f0                serial_rx_active
 .text.serial_tx_active
                0x0800a114       0x24 .pio/build/electrosmith_daisy/SrcWrapper/src/stm32/uart.c.o
                0x0800a114                serial_tx_active
 .text.uart_attach_tx_callback
                0x0800a138       0x44 .pio/build/electrosmith_daisy/SrcWrapper/src/stm32/uart.c.o
                0x0800a138                uart_attach_tx_callback
 .text.uart_enable_tx
                0x0800a17c       0x20 .pio/build/electrosmith_daisy/SrcWrapper/src/stm32/uart.c.o
                0x0800a17c                uart_enable_tx
 .text.uart_enable_rx
                0x0800a19c       0x20 .pio/build/electrosmith_daisy/SrcWrapper/src/stm32/uart.c.o
                0x0800a19c                uart_enable_rx
 .text.HAL_UART_RxCpltCallback
                0x0800a1bc        0x8 .pio/build/electrosmith_daisy/SrcWrapper/src/stm32/uart.c.o
                0x0800a1bc                HAL_UART_RxCpltCallback
 .text.HAL_UART_TxCpltCallback
                0x0800a1c4        0x8 .pio/build/electrosmith_daisy/SrcWrapper/src/stm32/uart.c.o
                0x0800a1c4                HAL_UART_TxCpltCallback
 .text.HAL_UART_ErrorCallback
                0x0800a1cc       0x48 .pio/build/electrosmith_daisy/SrcWrapper/src/stm32/uart.c.o
                0x0800a1cc                HAL_UART_ErrorCallback
 .text.USART1_IRQHandler
                0x0800a214       0x18 .pio/build/electrosmith_daisy/SrcWrapper/src/stm32/uart.c.o
                0x0800a214                USART1_IRQHandler
 .text.USART2_IRQHandler
                0x0800a22c       0x1c .pio/build/electrosmith_daisy/SrcWrapper/src/stm32/uart.c.o
                0x0800a22c                USART2_IRQHandler
 .text.USART3_IRQHandler
                0x0800a248       0x1c .pio/build/electrosmith_daisy/SrcWrapper/src/stm32/uart.c.o
                0x0800a248                USART3_IRQHandler
 .text.UART4_IRQHandler
                0x0800a264       0x18 .pio/build/electrosmith_daisy/SrcWrapper/src/stm32/uart.c.o
                0x0800a264                UART4_IRQHandler
 .text.UART5_IRQHandler
                0x0800a27c       0x18 .pio/build/electrosmith_daisy/SrcWrapper/src/stm32/uart.c.o
                0x0800a27c                UART5_IRQHandler
 .text.USART6_IRQHandler
                0x0800a294       0x18 .pio/build/electrosmith_daisy/SrcWrapper/src/stm32/uart.c.o
                0x0800a294                USART6_IRQHandler
 .text.LPUART1_IRQHandler
                0x0800a2ac       0x18 .pio/build/electrosmith_daisy/SrcWrapper/src/stm32/uart.c.o
                0x0800a2ac                LPUART1_IRQHandler
 .text.UART7_IRQHandler
                0x0800a2c4       0x18 .pio/build/electrosmith_daisy/SrcWrapper/src/stm32/uart.c.o
                0x0800a2c4                UART7_IRQHandler
 .text.UART8_IRQHandler
                0x0800a2dc       0x18 .pio/build/electrosmith_daisy/SrcWrapper/src/stm32/uart.c.o
                0x0800a2dc                UART8_IRQHandler
 .text.HAL_UARTEx_WakeupCallback
                0x0800a2f4        0xa .pio/build/electrosmith_daisy/SrcWrapper/src/stm32/uart.c.o
                0x0800a2f4                HAL_UARTEx_WakeupCallback
 *fill*         0x0800a2fe        0x2 
 .text._sbrk    0x0800a300       0x3c .pio/build/electrosmith_daisy/SrcWrapper/src/syscalls.c.o
                0x0800a300                _sbrk
 .text._exit    0x0800a33c        0x2 .pio/build/electrosmith_daisy/SrcWrapper/src/syscalls.c.o
                0x0800a33c                _exit
 *fill*         0x0800a33e        0x2 
 .text._kill    0x0800a340       0x10 .pio/build/electrosmith_daisy/SrcWrapper/src/syscalls.c.o
                0x0800a340                _kill
 .text._getpid  0x0800a350        0x4 .pio/build/electrosmith_daisy/SrcWrapper/src/syscalls.c.o
                0x0800a350                _getpid
 .text._ZN7TwoWire5writeEi.isra.0
                0x0800a354        0x8 .pio/build/electrosmith_daisy/src/main.cpp.o
 .text._Z11initMPU6050v
                0x0800a35c       0x34 .pio/build/electrosmith_daisy/src/main.cpp.o
                0x0800a35c                initMPU6050()
 .text.setup    0x0800a390       0x74 .pio/build/electrosmith_daisy/src/main.cpp.o
                0x0800a390                setup
 .text.startup._GLOBAL__sub_I_hw
                0x0800a404       0x80 .pio/build/electrosmith_daisy/src/main.cpp.o
 .text._Z11readMPU6050RsS_S_S_S_S_
                0x0800a484       0xdc .pio/build/electrosmith_daisy/src/main.cpp.o
                0x0800a484                readMPU6050(short&, short&, short&, short&, short&, short&)
 .text.loop     0x0800a560       0xbc .pio/build/electrosmith_daisy/src/main.cpp.o
                0x0800a560                loop
 .text._ZN5Print17availableForWriteEv
                0x0800a61c        0x4 .pio/build/electrosmith_daisy/libdf6/libWire.a(Wire.cpp.o)
                0x0800a61c                Print::availableForWrite()
 .text._ZN7TwoWire9availableEv
                0x0800a620        0x8 .pio/build/electrosmith_daisy/libdf6/libWire.a(Wire.cpp.o)
                0x0800a620                TwoWire::available()
 .text._ZN7TwoWire4readEv
                0x0800a628       0x1a .pio/build/electrosmith_daisy/libdf6/libWire.a(Wire.cpp.o)
                0x0800a628                TwoWire::read()
 .text._ZN7TwoWire4peekEv
                0x0800a642       0x12 .pio/build/electrosmith_daisy/libdf6/libWire.a(Wire.cpp.o)
                0x0800a642                TwoWire::peek()
 .text._ZN7TwoWire16onRequestServiceEP5i2c_s
                0x0800a654       0x16 .pio/build/electrosmith_daisy/libdf6/libWire.a(Wire.cpp.o)
                0x0800a654                TwoWire::onRequestService(i2c_s*)
 *fill*         0x0800a66a        0x2 
 .text._ZN7TwoWireC2Emm
                0x0800a66c       0xcc .pio/build/electrosmith_daisy/libdf6/libWire.a(Wire.cpp.o)
                0x0800a66c                TwoWire::TwoWire(unsigned long, unsigned long)
                0x0800a66c                TwoWire::TwoWire(unsigned long, unsigned long)
 .text._ZN7TwoWire3endEv
                0x0800a738       0x28 .pio/build/electrosmith_daisy/libdf6/libWire.a(Wire.cpp.o)
                0x0800a738                TwoWire::end()
 .text._ZN7TwoWireD2Ev
                0x0800a760       0x28 .pio/build/electrosmith_daisy/libdf6/libWire.a(Wire.cpp.o)
                0x0800a760                TwoWire::~TwoWire()
                0x0800a760                TwoWire::~TwoWire()
 .text._ZN7TwoWire8setClockEm
                0x0800a788       0x34 .pio/build/electrosmith_daisy/libdf6/libWire.a(Wire.cpp.o)
                0x0800a788                TwoWire::setClock(unsigned long)
 .text._ZN7TwoWire17beginTransmissionEh
                0x0800a7bc       0x10 .pio/build/electrosmith_daisy/libdf6/libWire.a(Wire.cpp.o)
                0x0800a7bc                TwoWire::beginTransmission(unsigned char)
 .text._ZN7TwoWire17beginTransmissionEi
                0x0800a7cc       0x10 .pio/build/electrosmith_daisy/libdf6/libWire.a(Wire.cpp.o)
                0x0800a7cc                TwoWire::beginTransmission(int)
 .text._ZN7TwoWire16allocateRxBufferEj
                0x0800a7dc       0x24 .pio/build/electrosmith_daisy/libdf6/libWire.a(Wire.cpp.o)
                0x0800a7dc                TwoWire::allocateRxBuffer(unsigned int)
 .text._ZN7TwoWire16onReceiveServiceEP5i2c_s
                0x0800a800       0x4c .pio/build/electrosmith_daisy/libdf6/libWire.a(Wire.cpp.o)
                0x0800a800                TwoWire::onReceiveService(i2c_s*)
 .text._ZN7TwoWire16allocateTxBufferEj
                0x0800a84c       0x32 .pio/build/electrosmith_daisy/libdf6/libWire.a(Wire.cpp.o)
                0x0800a84c                TwoWire::allocateTxBuffer(unsigned int)
 .text._ZN7TwoWire5writeEh
                0x0800a87e       0x42 .pio/build/electrosmith_daisy/libdf6/libWire.a(Wire.cpp.o)
                0x0800a87e                TwoWire::write(unsigned char)
 .text._ZN7TwoWire5writeEPKhj
                0x0800a8c0       0x42 .pio/build/electrosmith_daisy/libdf6/libWire.a(Wire.cpp.o)
                0x0800a8c0                TwoWire::write(unsigned char const*, unsigned int)
 .text._ZN7TwoWire13resetRxBufferEv
                0x0800a902       0x10 .pio/build/electrosmith_daisy/libdf6/libWire.a(Wire.cpp.o)
                0x0800a902                TwoWire::resetRxBuffer()
 .text._ZN7TwoWire13resetTxBufferEv
                0x0800a912       0x10 .pio/build/electrosmith_daisy/libdf6/libWire.a(Wire.cpp.o)
                0x0800a912                TwoWire::resetTxBuffer()
 .text._ZN7TwoWire15endTransmissionEh
                0x0800a922       0x44 .pio/build/electrosmith_daisy/libdf6/libWire.a(Wire.cpp.o)
                0x0800a922                TwoWire::endTransmission(unsigned char)
 .text._ZN7TwoWire11requestFromEhhmhh
                0x0800a966       0x96 .pio/build/electrosmith_daisy/libdf6/libWire.a(Wire.cpp.o)
                0x0800a966                TwoWire::requestFrom(unsigned char, unsigned char, unsigned long, unsigned char, unsigned char)
 .text._ZN7TwoWire11requestFromEhhh
                0x0800a9fc       0x12 .pio/build/electrosmith_daisy/libdf6/libWire.a(Wire.cpp.o)
                0x0800a9fc                TwoWire::requestFrom(unsigned char, unsigned char, unsigned char)
 .text._ZN7TwoWire11requestFromEii
                0x0800aa0e        0xa .pio/build/electrosmith_daisy/libdf6/libWire.a(Wire.cpp.o)
                0x0800aa0e                TwoWire::requestFrom(int, int)
 .text._ZN7TwoWire11requestFromEiii
                0x0800aa18        0xa .pio/build/electrosmith_daisy/libdf6/libWire.a(Wire.cpp.o)
                0x0800aa18                TwoWire::requestFrom(int, int, int)
 .text._ZN7TwoWire15endTransmissionEv
                0x0800aa22        0x6 .pio/build/electrosmith_daisy/libdf6/libWire.a(Wire.cpp.o)
                0x0800aa22                TwoWire::endTransmission()
 .text._ZN7TwoWire5flushEv
                0x0800aa28       0x18 .pio/build/electrosmith_daisy/libdf6/libWire.a(Wire.cpp.o)
                0x0800aa28                TwoWire::flush()
 .text._ZN7TwoWire10recoverBusEv
                0x0800aa40       0xcc .pio/build/electrosmith_daisy/libdf6/libWire.a(Wire.cpp.o)
                0x0800aa40                TwoWire::recoverBus()
 .text._ZN7TwoWire5beginEhbb
                0x0800ab0c       0x98 .pio/build/electrosmith_daisy/libdf6/libWire.a(Wire.cpp.o)
                0x0800ab0c                TwoWire::begin(unsigned char, bool, bool)
 .text._ZN7TwoWire5beginEb
                0x0800aba4        0xa .pio/build/electrosmith_daisy/libdf6/libWire.a(Wire.cpp.o)
                0x0800aba4                TwoWire::begin(bool)
 *fill*         0x0800abae        0x2 
 .text.startup._GLOBAL__sub_I__ZN7TwoWireC2Emm
                0x0800abb0       0x10 .pio/build/electrosmith_daisy/libdf6/libWire.a(Wire.cpp.o)
 .text.exit._GLOBAL__sub_D__ZN7TwoWireC2Emm
                0x0800abc0        0xc .pio/build/electrosmith_daisy/libdf6/libWire.a(Wire.cpp.o)
 .text.i2c_getTiming.constprop.0
                0x0800abcc       0x3c .pio/build/electrosmith_daisy/libdf6/libWire.a(twi.c.o)
 .text.i2c_init
                0x0800ac08      0x204 .pio/build/electrosmith_daisy/libdf6/libWire.a(twi.c.o)
                0x0800ac08                i2c_init
 .text.i2c_deinit
                0x0800ae0c       0xf0 .pio/build/electrosmith_daisy/libdf6/libWire.a(twi.c.o)
                0x0800ae0c                i2c_deinit
 .text.i2c_setTiming
                0x0800aefc       0x28 .pio/build/electrosmith_daisy/libdf6/libWire.a(twi.c.o)
                0x0800aefc                i2c_setTiming
 .text.i2c_slave_write_IT
                0x0800af24       0x34 .pio/build/electrosmith_daisy/libdf6/libWire.a(twi.c.o)
                0x0800af24                i2c_slave_write_IT
 .text.i2c_master_read
                0x0800af58       0x8e .pio/build/electrosmith_daisy/libdf6/libWire.a(twi.c.o)
                0x0800af58                i2c_master_read
 .text.i2c_IsDeviceReady
                0x0800afe6       0x40 .pio/build/electrosmith_daisy/libdf6/libWire.a(twi.c.o)
                0x0800afe6                i2c_IsDeviceReady
 .text.i2c_master_write
                0x0800b026       0xa2 .pio/build/electrosmith_daisy/libdf6/libWire.a(twi.c.o)
                0x0800b026                i2c_master_write
 .text.i2c_attachSlaveRxEvent
                0x0800b0c8        0xe .pio/build/electrosmith_daisy/libdf6/libWire.a(twi.c.o)
                0x0800b0c8                i2c_attachSlaveRxEvent
 .text.i2c_attachSlaveTxEvent
                0x0800b0d6        0xe .pio/build/electrosmith_daisy/libdf6/libWire.a(twi.c.o)
                0x0800b0d6                i2c_attachSlaveTxEvent
 .text.HAL_I2C_AddrCallback
                0x0800b0e4       0x6e .pio/build/electrosmith_daisy/libdf6/libWire.a(twi.c.o)
                0x0800b0e4                HAL_I2C_AddrCallback
 .text.HAL_I2C_ListenCpltCallback
                0x0800b152       0x2a .pio/build/electrosmith_daisy/libdf6/libWire.a(twi.c.o)
                0x0800b152                HAL_I2C_ListenCpltCallback
 .text.HAL_I2C_SlaveRxCpltCallback
                0x0800b17c       0x26 .pio/build/electrosmith_daisy/libdf6/libWire.a(twi.c.o)
                0x0800b17c                HAL_I2C_SlaveRxCpltCallback
 .text.HAL_I2C_SlaveTxCpltCallback
                0x0800b1a2        0x8 .pio/build/electrosmith_daisy/libdf6/libWire.a(twi.c.o)
                0x0800b1a2                HAL_I2C_SlaveTxCpltCallback
 .text.HAL_I2C_ErrorCallback
                0x0800b1aa        0xc .pio/build/electrosmith_daisy/libdf6/libWire.a(twi.c.o)
                0x0800b1aa                HAL_I2C_ErrorCallback
 *fill*         0x0800b1b6        0x2 
 .text.I2C1_EV_IRQHandler
                0x0800b1b8        0xc .pio/build/electrosmith_daisy/libdf6/libWire.a(twi.c.o)
                0x0800b1b8                I2C1_EV_IRQHandler
 .text.I2C1_ER_IRQHandler
                0x0800b1c4        0xc .pio/build/electrosmith_daisy/libdf6/libWire.a(twi.c.o)
                0x0800b1c4                I2C1_ER_IRQHandler
 .text.I2C2_EV_IRQHandler
                0x0800b1d0        0xc .pio/build/electrosmith_daisy/libdf6/libWire.a(twi.c.o)
                0x0800b1d0                I2C2_EV_IRQHandler
 .text.I2C2_ER_IRQHandler
                0x0800b1dc        0xc .pio/build/electrosmith_daisy/libdf6/libWire.a(twi.c.o)
                0x0800b1dc                I2C2_ER_IRQHandler
 .text.I2C3_EV_IRQHandler
                0x0800b1e8        0xc .pio/build/electrosmith_daisy/libdf6/libWire.a(twi.c.o)
                0x0800b1e8                I2C3_EV_IRQHandler
 .text.I2C3_ER_IRQHandler
                0x0800b1f4        0xc .pio/build/electrosmith_daisy/libdf6/libWire.a(twi.c.o)
                0x0800b1f4                I2C3_ER_IRQHandler
 .text.I2C4_EV_IRQHandler
                0x0800b200       0x1c .pio/build/electrosmith_daisy/libdf6/libWire.a(twi.c.o)
                0x0800b200                I2C4_EV_IRQHandler
 .text.I2C4_ER_IRQHandler
                0x0800b21c        0xc .pio/build/electrosmith_daisy/libdf6/libWire.a(twi.c.o)
                0x0800b21c                I2C4_ER_IRQHandler
 .text._ZN10AudioClass14ConfigureSdramEv
                0x0800b228       0x10 .pio/build/electrosmith_daisy/libfc8/libDaisyDuino.a(AudioClass.cpp.o)
                0x0800b228                AudioClass::ConfigureSdram()
 .text._ZN10AudioClass14AudioBlockSizeEv
                0x0800b238       0x1a .pio/build/electrosmith_daisy/libfc8/libDaisyDuino.a(AudioClass.cpp.o)
                0x0800b238                AudioClass::AudioBlockSize()
 .text._ZN10AudioClass17BoardVersionCheckEv
                0x0800b252       0x18 .pio/build/electrosmith_daisy/libfc8/libDaisyDuino.a(AudioClass.cpp.o)
                0x0800b252                AudioClass::BoardVersionCheck()
 *fill*         0x0800b26a        0x2 
 .text._ZN10AudioClass4initE16DaisyDuinoDevice20DaisyDuinoSampleRate
                0x0800b26c      0x1bc .pio/build/electrosmith_daisy/libfc8/libDaisyDuino.a(AudioClass.cpp.o)
                0x0800b26c                AudioClass::init(DaisyDuinoDevice, DaisyDuinoSampleRate)
 .text.startup._GLOBAL__sub_I_PinMap_I2C_SDA
                0x0800b428       0x4c .pio/build/electrosmith_daisy/libfc8/libDaisyDuino.a(AudioClass.cpp.o)
 .text.exit._GLOBAL__sub_D_PinMap_I2C_SDA
                0x0800b474        0xc .pio/build/electrosmith_daisy/libfc8/libDaisyDuino.a(AudioClass.cpp.o)
 .text._ZN13DaisyHardware7InitPodEf
                0x0800b480       0xb0 .pio/build/electrosmith_daisy/libfc8/libDaisyDuino.a(DaisyDuino.cpp.o)
                0x0800b480                DaisyHardware::InitPod(float)
 .text._ZN13DaisyHardware9InitPatchEf
                0x0800b530       0xd8 .pio/build/electrosmith_daisy/libfc8/libDaisyDuino.a(DaisyDuino.cpp.o)
                0x0800b530                DaisyHardware::InitPatch(float)
 .text._ZN5daisy16LedDriverPca9685ILi2ELb1EE4InitERA2_KhPNS1_21PCA9685TransmitBufferES6_m
                0x0800b608       0x88 .pio/build/electrosmith_daisy/libfc8/libDaisyDuino.a(DaisyDuino.cpp.o)
                0x0800b608                daisy::LedDriverPca9685<2, true>::Init(unsigned char const (&) [2], daisy::LedDriverPca9685<2, true>::PCA9685TransmitBuffer*, daisy::LedDriverPca9685<2, true>::PCA9685TransmitBuffer*, unsigned long)
 .text._ZN5daisy16LedDriverPca9685ILi2ELb1EE6SetLedEif
                0x0800b690       0x7c .pio/build/electrosmith_daisy/libfc8/libDaisyDuino.a(DaisyDuino.cpp.o)
                0x0800b690                daisy::LedDriverPca9685<2, true>::SetLed(int, float)
 .text._ZN13DaisyHardware10SetRingLedEhfff
                0x0800b70c       0x80 .pio/build/electrosmith_daisy/libfc8/libDaisyDuino.a(DaisyDuino.cpp.o)
                0x0800b70c                DaisyHardware::SetRingLed(unsigned char, float, float, float)
 .text._ZN13DaisyHardware16SetFootswitchLedEhf
                0x0800b78c       0x30 .pio/build/electrosmith_daisy/libfc8/libDaisyDuino.a(DaisyDuino.cpp.o)
                0x0800b78c                DaisyHardware::SetFootswitchLed(unsigned char, float)
 .text._ZN13DaisyHardware14SetKeyboardLedEhhf
                0x0800b7bc       0x28 .pio/build/electrosmith_daisy/libfc8/libDaisyDuino.a(DaisyDuino.cpp.o)
                0x0800b7bc                DaisyHardware::SetKeyboardLed(unsigned char, unsigned char, float)
 .text._ZN13DaisyHardware10SetKnobLedEhf
                0x0800b7e4       0x1c .pio/build/electrosmith_daisy/libfc8/libDaisyDuino.a(DaisyDuino.cpp.o)
                0x0800b7e4                DaisyHardware::SetKnobLed(unsigned char, float)
 .text._ZN13DaisyHardware9ClearLedsEv
                0x0800b800       0x90 .pio/build/electrosmith_daisy/libfc8/libDaisyDuino.a(DaisyDuino.cpp.o)
                0x0800b800                DaisyHardware::ClearLeds()
 .text._ZN5daisy16LedDriverPca9685ILi2ELb1EE22SwapBuffersAndTransmitEv
                0x0800b890       0x96 .pio/build/electrosmith_daisy/libfc8/libDaisyDuino.a(DaisyDuino.cpp.o)
                0x0800b890                daisy::LedDriverPca9685<2, true>::SwapBuffersAndTransmit()
 .text._ZN13DaisyHardware10UpdateLedsEv
                0x0800b926       0x18 .pio/build/electrosmith_daisy/libfc8/libDaisyDuino.a(DaisyDuino.cpp.o)
                0x0800b926                DaisyHardware::UpdateLeds()
 *fill*         0x0800b93e        0x2 
 .text._ZN13DaisyHardware9InitPetalEf
                0x0800b940      0x198 .pio/build/electrosmith_daisy/libfc8/libDaisyDuino.a(DaisyDuino.cpp.o)
                0x0800b940                DaisyHardware::InitPetal(float)
 .text._ZN13DaisyHardware9InitFieldEf
                0x0800bad8      0x128 .pio/build/electrosmith_daisy/libfc8/libDaisyDuino.a(DaisyDuino.cpp.o)
                0x0800bad8                DaisyHardware::InitField(float)
 .text._ZN13DaisyHardware4InitEf16DaisyDuinoDevice
                0x0800bc00       0x3c .pio/build/electrosmith_daisy/libfc8/libDaisyDuino.a(DaisyDuino.cpp.o)
                0x0800bc00                DaisyHardware::Init(float, DaisyDuinoDevice)
 .text.startup._GLOBAL__sub_I__ZN13DaisyHardware4InitEf16DaisyDuinoDevice
                0x0800bc3c       0x34 .pio/build/electrosmith_daisy/libfc8/libDaisyDuino.a(DaisyDuino.cpp.o)
 .text._ZN5daisy11AudioHandle4Impl4InitENS0_6ConfigENS_9SaiHandleE
                0x0800bc70       0x5c .pio/build/electrosmith_daisy/libfc8/libDaisyDuino.a(audio.cpp.o)
                0x0800bc70                daisy::AudioHandle::Impl::Init(daisy::AudioHandle::Config, daisy::SaiHandle)
 .text._ZN5daisy11AudioHandle4InitERKNS0_6ConfigENS_9SaiHandleE
                0x0800bccc       0x1c .pio/build/electrosmith_daisy/libfc8/libDaisyDuino.a(audio.cpp.o)
                0x0800bccc                daisy::AudioHandle::Init(daisy::AudioHandle::Config const&, daisy::SaiHandle)
 .text._ZN5daisy11AudioHandle4InitERKNS0_6ConfigENS_9SaiHandleES4_
                0x0800bce8       0x3c .pio/build/electrosmith_daisy/libfc8/libDaisyDuino.a(audio.cpp.o)
                0x0800bce8                daisy::AudioHandle::Init(daisy::AudioHandle::Config const&, daisy::SaiHandle, daisy::SaiHandle)
 .text._ZNK5daisy11AudioHandle9GetConfigEv
                0x0800bd24        0x6 .pio/build/electrosmith_daisy/libfc8/libDaisyDuino.a(audio.cpp.o)
                0x0800bd24                daisy::AudioHandle::GetConfig() const
 .text._ZN5daisy11AudioHandle13GetSampleRateEv
                0x0800bd2a        0x8 .pio/build/electrosmith_daisy/libfc8/libDaisyDuino.a(audio.cpp.o)
                0x0800bd2a                daisy::AudioHandle::GetSampleRate()
 *fill*         0x0800bd32        0x2 
 .text.startup._GLOBAL__sub_I__ZN5daisy11AudioHandle4Impl4InitENS0_6ConfigENS_9SaiHandleE
                0x0800bd34       0x10 .pio/build/electrosmith_daisy/libfc8/libDaisyDuino.a(audio.cpp.o)
 .text._ZN5daisy6Ak45564InitE12dsy_gpio_pin
                0x0800bd44       0x3a .pio/build/electrosmith_daisy/libfc8/libDaisyDuino.a(codec_ak4556.cpp.o)
                0x0800bd44                daisy::Ak4556::Init(dsy_gpio_pin)
 .text._ZN5daisy7Pcm306013WriteRegisterEhh
                0x0800bd7e       0x30 .pio/build/electrosmith_daisy/libfc8/libDaisyDuino.a(codec_pcm3060.cpp.o)
                0x0800bd7e                daisy::Pcm3060::WriteRegister(unsigned char, unsigned char)
 *fill*         0x0800bdae        0x2 
 .text._ZN5daisy7Pcm306012ReadRegisterEhPh
                0x0800bdb0       0x40 .pio/build/electrosmith_daisy/libfc8/libDaisyDuino.a(codec_pcm3060.cpp.o)
                0x0800bdb0                daisy::Pcm3060::ReadRegister(unsigned char, unsigned char*)
 .text._ZN5daisy7Pcm30604InitEP7TwoWire
                0x0800bdf0      0x100 .pio/build/electrosmith_daisy/libfc8/libDaisyDuino.a(codec_pcm3060.cpp.o)
                0x0800bdf0                daisy::Pcm3060::Init(TwoWire*)
 .text._ZN5daisy6Wm873120WriteControlRegisterEht
                0x0800bef0       0x3c .pio/build/electrosmith_daisy/libfc8/libDaisyDuino.a(codec_wm8731.cpp.o)
                0x0800bef0                daisy::Wm8731::WriteControlRegister(unsigned char, unsigned short)